Archive member included to satisfy reference by file (symbol)

e:\wavemail\防跌\V1有人无人传感器\core_ch592_mesh\SRC\StdPeriphDriver\libISP592.a(ISP583.o)
                              ./StdPeriphDriver/CH59x_flash.o (FLASH_EEPROM_CMD)
e:\wavemail\防跌\V1有人无人传感器\core_ch592_mesh\BLE\MESH\MESH_LIB\libCH59xMESHROM.a(mesh_access.o)
                              ./APP/app_vendor_model_srv.o (bt_mesh_model_msg_init)
e:\wavemail\防跌\V1有人无人传感器\core_ch592_mesh\BLE\MESH\MESH_LIB\libCH59xMESHROM.a(mesh_adapt.o)
                              e:\wavemail\防跌\V1有人无人传感器\core_ch592_mesh\BLE\MESH\MESH_LIB\libCH59xMESHROM.a(mesh_access.o) (k_uptime_get_32)
e:\wavemail\防跌\V1有人无人传感器\core_ch592_mesh\BLE\MESH\MESH_LIB\libCH59xMESHROM.a(mesh_adv.o)
                              e:\wavemail\防跌\V1有人无人传感器\core_ch592_mesh\BLE\MESH\MESH_LIB\libCH59xMESHROM.a(mesh_adapt.o) (adv_conn_set_state)
e:\wavemail\防跌\V1有人无人传感器\core_ch592_mesh\BLE\MESH\MESH_LIB\libCH59xMESHROM.a(mesh_api.o)
                              e:\wavemail\防跌\V1有人无人传感器\core_ch592_mesh\BLE\MESH\MESH_LIB\libCH59xMESHROM.a(mesh_adv.o) (adv_buf_count_get)
e:\wavemail\防跌\V1有人无人传感器\core_ch592_mesh\BLE\MESH\MESH_LIB\libCH59xMESHROM.a(mesh_beacon.o)
                              e:\wavemail\防跌\V1有人无人传感器\core_ch592_mesh\BLE\MESH\MESH_LIB\libCH59xMESHROM.a(mesh_adv.o) (bt_mesh_beacon_recv)
e:\wavemail\防跌\V1有人无人传感器\core_ch592_mesh\BLE\MESH\MESH_LIB\libCH59xMESHROM.a(mesh_buf.o)
                              e:\wavemail\防跌\V1有人无人传感器\core_ch592_mesh\BLE\MESH\MESH_LIB\libCH59xMESHROM.a(mesh_beacon.o) (net_buf_simple_pull_mem)
e:\wavemail\防跌\V1有人无人传感器\core_ch592_mesh\BLE\MESH\MESH_LIB\libCH59xMESHROM.a(mesh_cfg_cli.o)
                              e:\wavemail\防跌\V1有人无人传感器\core_ch592_mesh\BLE\MESH\MESH_LIB\libCH59xMESHROM.a(mesh_access.o) (bt_mesh_cfg_cli_cb)
e:\wavemail\防跌\V1有人无人传感器\core_ch592_mesh\BLE\MESH\MESH_LIB\libCH59xMESHROM.a(mesh_cfg_srv.o)
                              e:\wavemail\防跌\V1有人无人传感器\core_ch592_mesh\BLE\MESH\MESH_LIB\libCH59xMESHROM.a(mesh_api.o) (_set_mesh_configserver_buf)
e:\wavemail\防跌\V1有人无人传感器\core_ch592_mesh\BLE\MESH\MESH_LIB\libCH59xMESHROM.a(mesh_crypto.o)
                              e:\wavemail\防跌\V1有人无人传感器\core_ch592_mesh\BLE\MESH\MESH_LIB\libCH59xMESHROM.a(mesh_beacon.o) (bt_mesh_aes_cmac)
e:\wavemail\防跌\V1有人无人传感器\core_ch592_mesh\BLE\MESH\MESH_LIB\libCH59xMESHROM.a(mesh_friend.o)
                              e:\wavemail\防跌\V1有人无人传感器\core_ch592_mesh\BLE\MESH\MESH_LIB\libCH59xMESHROM.a(mesh_api.o) (_set_mesh_friend_buf)
e:\wavemail\防跌\V1有人无人传感器\core_ch592_mesh\BLE\MESH\MESH_LIB\libCH59xMESHROM.a(mesh_hal_rf.o)
                              e:\wavemail\防跌\V1有人无人传感器\core_ch592_mesh\BLE\MESH\MESH_LIB\libCH59xMESHROM.a(mesh_adapt.o) (hal_rf_set_rx_cb)
e:\wavemail\防跌\V1有人无人传感器\core_ch592_mesh\BLE\MESH\MESH_LIB\libCH59xMESHROM.a(mesh_health_cli.o)
                              e:\wavemail\防跌\V1有人无人传感器\core_ch592_mesh\BLE\MESH\MESH_LIB\libCH59xMESHROM.a(mesh_access.o) (bt_mesh_health_cli_cb)
e:\wavemail\防跌\V1有人无人传感器\core_ch592_mesh\BLE\MESH\MESH_LIB\libCH59xMESHROM.a(mesh_health_srv.o)
                              ./APP/app.o (bt_mesh_health_mod_srv_cb)
e:\wavemail\防跌\V1有人无人传感器\core_ch592_mesh\BLE\MESH\MESH_LIB\libCH59xMESHROM.a(mesh_lpn.o)
                              e:\wavemail\防跌\V1有人无人传感器\core_ch592_mesh\BLE\MESH\MESH_LIB\libCH59xMESHROM.a(mesh_api.o) (bt_mesh_lpn_disable)
e:\wavemail\防跌\V1有人无人传感器\core_ch592_mesh\BLE\MESH\MESH_LIB\libCH59xMESHROM.a(mesh_mem.o)
                              e:\wavemail\防跌\V1有人无人传感器\core_ch592_mesh\BLE\MESH\MESH_LIB\libCH59xMESHROM.a(mesh_cfg_srv.o) (get_msb_set)
e:\wavemail\防跌\V1有人无人传感器\core_ch592_mesh\BLE\MESH\MESH_LIB\libCH59xMESHROM.a(mesh_net.o)
                              e:\wavemail\防跌\V1有人无人传感器\core_ch592_mesh\BLE\MESH\MESH_LIB\libCH59xMESHROM.a(mesh_api.o) (_set_mesh_net_buf)
e:\wavemail\防跌\V1有人无人传感器\core_ch592_mesh\BLE\MESH\MESH_LIB\libCH59xMESHROM.a(mesh_nvs.o)
                              e:\wavemail\防跌\V1有人无人传感器\core_ch592_mesh\BLE\MESH\MESH_LIB\libCH59xMESHROM.a(mesh_api.o) (_set_mesh_settings_buf)
e:\wavemail\防跌\V1有人无人传感器\core_ch592_mesh\BLE\MESH\MESH_LIB\libCH59xMESHROM.a(mesh_prov.o)
                              e:\wavemail\防跌\V1有人无人传感器\core_ch592_mesh\BLE\MESH\MESH_LIB\libCH59xMESHROM.a(mesh_nvs.o) (bt_mesh_node_alloc)
e:\wavemail\防跌\V1有人无人传感器\core_ch592_mesh\BLE\MESH\MESH_LIB\libCH59xMESHROM.a(mesh_proxy.o)
                              e:\wavemail\防跌\V1有人无人传感器\core_ch592_mesh\BLE\MESH\MESH_LIB\libCH59xMESHROM.a(mesh_api.o) (_set_mesh_proxy_buf)
e:\wavemail\防跌\V1有人无人传感器\core_ch592_mesh\BLE\MESH\MESH_LIB\libCH59xMESHROM.a(mesh_transport.o)
                              e:\wavemail\防跌\V1有人无人传感器\core_ch592_mesh\BLE\MESH\MESH_LIB\libCH59xMESHROM.a(mesh_api.o) (_set_mesh_transport_buf)
e:\wavemail\防跌\V1有人无人传感器\core_ch592_mesh\BLE\MESH\MESH_LIB\libCH59xMESHROM.a(mesh_work_process.o)
                              e:\wavemail\防跌\V1有人无人传感器\core_ch592_mesh\BLE\MESH\MESH_LIB\libCH59xMESHROM.a(mesh_net.o) (k_work_init)
[...]
Memory Configuration

Name             Origin             Length             Attributes
FLASH            0x0000000000001000 0x0000000000026000 xr
RAM              0x0000000020002000 0x0000000000004800 xrw
*default*        0x0000000000000000 0xffffffffffffffff

Linker script and memory map

LOAD ./StdPeriphDriver/CH59x_adc.o
LOAD ./StdPeriphDriver/CH59x_clk.o
LOAD ./StdPeriphDriver/CH59x_flash.o
LOAD ./StdPeriphDriver/CH59x_gpio.o
LOAD ./StdPeriphDriver/CH59x_i2c.o
LOAD ./StdPeriphDriver/CH59x_lcd.o
LOAD ./StdPeriphDriver/CH59x_pwm.o
LOAD ./StdPeriphDriver/CH59x_pwr.o
LOAD ./StdPeriphDriver/CH59x_spi0.o
LOAD ./StdPeriphDriver/CH59x_sys.o
LOAD ./StdPeriphDriver/CH59x_timer0.o
LOAD ./StdPeriphDriver/CH59x_timer1.o
LOAD ./StdPeriphDriver/CH59x_timer2.o
LOAD ./StdPeriphDriver/CH59x_timer3.o
LOAD ./StdPeriphDriver/CH59x_uart0.o
LOAD ./StdPeriphDriver/CH59x_uart1.o
LOAD ./StdPeriphDriver/CH59x_uart2.o
LOAD ./StdPeriphDriver/CH59x_uart3.o
LOAD ./StdPeriphDriver/CH59x_usbdev.o
LOAD ./StdPeriphDriver/CH59x_usbhostBase.o
LOAD ./StdPeriphDriver/CH59x_usbhostClass.o
LOAD ./Startup/startup_CH592.o
LOAD ./RVMSIS/core_riscv.o
LOAD ./Profile/devinfoservice.o
LOAD ./Profile/gattprofile.o
LOAD ./LIB/ble_task_scheduler.o
LOAD ./HAL/KEY.o
LOAD ./HAL/LED.o
LOAD ./HAL/MCU.o
LOAD ./HAL/RTC.o
LOAD ./HAL/SLEEP.o
LOAD ./APP/app.o
LOAD ./APP/app_main.o
LOAD ./APP/app_mesh_config.o
LOAD ./APP/app_mux_adc.o
LOAD ./APP/app_trans_process.o
LOAD ./APP/app_vendor_model_srv.o
LOAD ./APP/peripheral.o
LOAD e:\wavemail\防跌\V1有人无人传感器\core_ch592_mesh\SRC\StdPeriphDriver\libISP592.a
LOAD e:\wavemail\防跌\V1有人无人传感器\core_ch592_mesh\BLE\MESH\MESH_LIB\libCH59xMESHROM.a
LOAD d:/mounriver/mounriver_studio2/resources/app/resources/win32/components/wch/toolchain/risc-v embedded gcc/bin/../lib/gcc/riscv-none-embed/8.2.0/../../../../riscv-none-embed/lib/rv32imac/ilp32\libm.a
LOAD d:/mounriver/mounriver_studio2/resources/app/resources/win32/components/wch/toolchain/risc-v embedded gcc/bin/../lib/gcc/riscv-none-embed/8.2.0/rv32imac/ilp32\libgcc.a
LOAD d:/mounriver/mounriver_studio2/resources/app/resources/win32/components/wch/toolchain/risc-v embedded gcc/bin/../lib/gcc/riscv-none-embed/8.2.0/../../../../riscv-none-embed/lib/rv32imac/ilp32\libg_nano.a
LOAD d:/mounriver/mounriver_studio2/resources/app/resources/win32/components/wch/toolchain/risc-v embedded gcc/bin/../lib/gcc/riscv-none-embed/8.2.0/../../../../riscv-none-embed/lib/rv32imac/ilp32\libc_nano.a
LOAD d:/mounriver/mounriver_studio2/resources/app/resources/win32/components/wch/toolchain/risc-v embedded gcc/bin/../lib/gcc/riscv-none-embed/8.2.0/rv32imac/ilp32\libgcc.a
START GROUP
LOAD d:/mounriver/mounriver_studio2/resources/app/resources/win32/components/wch/toolchain/risc-v embedded gcc/bin/../lib/gcc/riscv-none-embed/8.2.0/rv32imac/ilp32\libgcc.a
LOAD d:/mounriver/mounriver_studio2/resources/app/resources/win32/components/wch/toolchain/risc-v embedded gcc/bin/../lib/gcc/riscv-none-embed/8.2.0/../../../../riscv-none-embed/lib/rv32imac/ilp32\libc_nano.a
LOAD d:/mounriver/mounriver_studio2/resources/app/resources/win32/components/wch/toolchain/risc-v embedded gcc/bin/../lib/gcc/riscv-none-embed/8.2.0/../../../../riscv-none-embed/lib/rv32imac/ilp32\libnosys.a
END GROUP
START GROUP
LOAD d:/mounriver/mounriver_studio2/resources/app/resources/win32/components/wch/toolchain/risc-v embedded gcc/bin/../lib/gcc/riscv-none-embed/8.2.0/rv32imac/ilp32\libgcc.a
LOAD d:/mounriver/mounriver_studio2/resources/app/resources/win32/components/wch/toolchain/risc-v embedded gcc/bin/../lib/gcc/riscv-none-embed/8.2.0/../../../../riscv-none-embed/lib/rv32imac/ilp32\libc_nano.a
LOAD d:/mounriver/mounriver_studio2/resources/app/resources/win32/components/wch/toolchain/risc-v embedded gcc/bin/../lib/gcc/riscv-none-embed/8.2.0/../../../../riscv-none-embed/lib/rv32imac/ilp32\libnosys.a
END GROUP
                0x0000000000000200                __stack_size = 0x200
                [!provide]                        PROVIDE (_stack_size = __stack_size)
                0x0000000020004000                PROVIDE (__global_pointer$ = 0x20004000)

.init           0x0000000000001000        0x4
                0x0000000000001000                _sinit = .
                0x0000000000001000                . = ALIGN (0x4)
 *(SORT_NONE(.init))
 .init          0x0000000000001000        0x4 ./Startup/startup_CH592.o
                0x0000000000001000                _start
 *(.ImageFlag)
 *(.ImageFlag.*)
                0x0000000000001004                . = ALIGN (0x4)
                0x0000000000001004                _einit = .

.highcodelalign
                0x0000000000001004        0x0
                0x0000000000001004                . = ALIGN (0x4)
                0x0000000000001004                PROVIDE (_highcode_lma = .)

.highcode       0x0000000020002000      0xbe8 load address 0x0000000000001004
                0x0000000020002000                . = ALIGN (0x4)
                0x0000000020002000                PROVIDE (_highcode_vma_start = .)
 *(.vector)
 .vector        0x0000000020002000       0x90 ./Startup/startup_CH592.o
 *(SORT_NONE(.vector_handler))
 .vector_handler
                0x0000000020002090        0x2 ./Startup/startup_CH592.o
                0x0000000020002090                GPIOB_IRQHandler
                0x0000000020002090                GPIOA_IRQHandler
                0x0000000020002090                SysTick_Handler
                0x0000000020002090                NMI_Handler
                0x0000000020002090                UART1_IRQHandler
                0x0000000020002090                UART0_IRQHandler
                0x0000000020002090                BB_IRQHandler
                0x0000000020002090                Break_Point_Handler
                0x0000000020002090                TMR0_IRQHandler
                0x0000000020002090                UART2_IRQHandler
                0x0000000020002090                PWMX_IRQHandler
                0x0000000020002090                ADC_IRQHandler
                0x0000000020002090                TMR2_IRQHandler
                0x0000000020002090                USB_IRQHandler
                0x0000000020002090                I2C_IRQHandler
                0x0000000020002090                WDOG_BAT_IRQHandler
                0x0000000020002090                TMR3_IRQHandler
                0x0000000020002090                SW_Handler
                0x0000000020002090                SPI0_IRQHandler
                0x0000000020002090                UART3_IRQHandler
                0x0000000020002090                TMR1_IRQHandler
 *(.highcode)
 .highcode      0x0000000020002092       0x18 ./StdPeriphDriver/CH59x_clk.o
                0x0000000020002092                RTC_GetCycle32k
 .highcode      0x00000000200020aa      0x2b0 ./StdPeriphDriver/CH59x_sys.o
                0x00000000200020aa                SetSysClock
                0x000000002000224c                SYS_ResetExecute
                0x00000000200022a4                HardFault_Handler
                0x0000000020002324                mDelayuS
                0x0000000020002332                mDelaymS
 *fill*         0x000000002000235a        0x2 
 .highcode      0x000000002000235c       0x4e ./LIB/ble_task_scheduler.o
                0x000000002000235c                Ecall_U_Mode_Handler
                0x000000002000235c                Ecall_M_Mode_Handler
 .highcode      0x00000000200023aa       0x32 ./HAL/RTC.o
                0x00000000200023c2                RTC_IRQHandler
 .highcode      0x00000000200023dc       0x10 ./APP/app_main.o
                0x00000000200023dc                Main_Circulation
 .highcode      0x00000000200023ec      0x426 e:\wavemail\防跌\V1有人无人传感器\core_ch592_mesh\SRC\StdPeriphDriver\libISP592.a(ISP583.o)
                0x00000000200023ec                FLASH_ROM_BEG
                0x00000000200023fe                FLASH_ROM_END
                0x000000002000240c                FLASH_ROM_IN
                0x000000002000241a                FLASH_ROM_OUT
                0x0000000020002428                FLASH_ROM_ADDR
                0x0000000020002470                FLASH_ROM_WAIT
                0x00000000200024a8                FLASH_EEPROM_CMD
 .highcode      0x0000000020002812       0x2e e:\wavemail\防跌\V1有人无人传感器\core_ch592_mesh\BLE\MESH\MESH_LIB\libCH59xMESHROM.a(mesh_hal_rf.o)
                0x0000000020002812                RF_Wait_Tx_End
 .highcode      0x0000000020002840      0x31c e:\wavemail\防跌\V1有人无人传感器\core_ch592_mesh\BLE\MESH\MESH_LIB\libCH59xMESHROM.a(uECC.o)
                0x00000000200028d2                uECC_vli_clear
                0x00000000200028ee                uECC_vli_isZero
                0x0000000020002910                uECC_vli_testBit
                0x0000000020002924                uECC_vli_numBits
                0x000000002000295c                uECC_vli_set
                0x000000002000297c                uECC_vli_equal
                0x00000000200029aa                uECC_vli_rshift1
                0x00000000200029ca                uECC_vli_add
                0x0000000020002a04                uECC_vli_sub
                0x0000000020002a44                uECC_vli_cmp
                0x0000000020002a78                uECC_vli_mult
 *(.highcode.*)
 *fill*         0x0000000020002b5c        0x0 
 .highcode.LLE_IRQHandler
                0x0000000020002b5c       0x8a ./LIB/ble_task_scheduler.o
                0x0000000020002b5c                LLE_IRQHandler
                0x0000000020002be8                . = ALIGN (0x4)
 *fill*         0x0000000020002be6        0x2 
                0x0000000020002be8                PROVIDE (_highcode_vma_end = .)

.text           0x0000000000001bec    0x1a140
                0x0000000000001bec                . = ALIGN (0x4)
 *(SORT_NONE(.handle_reset))
 .handle_reset  0x0000000000001bec       0xc2 ./Startup/startup_CH592.o
                0x0000000000001bec                handle_reset
 *(.text)
 .text          0x0000000000001cae       0x60 d:/mounriver/mounriver_studio2/resources/app/resources/win32/components/wch/toolchain/risc-v embedded gcc/bin/../lib/gcc/riscv-none-embed/8.2.0/rv32imac/ilp32\libgcc.a(save-restore.o)
                0x0000000000001cae                __riscv_save_12
                0x0000000000001cb6                __riscv_save_9
                0x0000000000001cb6                __riscv_save_11
                0x0000000000001cb6                __riscv_save_10
                0x0000000000001cb6                __riscv_save_8
                0x0000000000001cc4                __riscv_save_4
                0x0000000000001cc4                __riscv_save_6
                0x0000000000001cc4                __riscv_save_5
                0x0000000000001cc4                __riscv_save_7
                0x0000000000001cde                __riscv_save_3
                0x0000000000001cde                __riscv_save_2
                0x0000000000001cde                __riscv_save_1
                0x0000000000001cde                __riscv_save_0
                0x0000000000001cea                __riscv_restore_12
                0x0000000000001cee                __riscv_restore_11
                0x0000000000001cee                __riscv_restore_9
                0x0000000000001cee                __riscv_restore_10
                0x0000000000001cee                __riscv_restore_8
                0x0000000000001cf8                __riscv_restore_5
                0x0000000000001cf8                __riscv_restore_7
                0x0000000000001cf8                __riscv_restore_6
                0x0000000000001cf8                __riscv_restore_4
                0x0000000000001d02                __riscv_restore_3
                0x0000000000001d02                __riscv_restore_0
                0x0000000000001d02                __riscv_restore_2
                0x0000000000001d02                __riscv_restore_1
 .text          0x0000000000001d0e       0xa8 d:/mounriver/mounriver_studio2/resources/app/resources/win32/components/wch/toolchain/risc-v embedded gcc/bin/../lib/gcc/riscv-none-embed/8.2.0/../../../../riscv-none-embed/lib/rv32imac/ilp32\libg_nano.a(lib_a-memset.o)
                0x0000000000001d0e                memset
 .text          0x0000000000001db6      0x11e d:/mounriver/mounriver_studio2/resources/app/resources/win32/components/wch/toolchain/risc-v embedded gcc/bin/../lib/gcc/riscv-none-embed/8.2.0/../../../../riscv-none-embed/lib/rv32imac/ilp32\libg_nano.a(lib_a-strcmp.o)
                0x0000000000001db6                strcmp
 *(.text.*)
 .text.ADC_ExtSingleChSampInit
                0x0000000000001ed4       0x3c ./StdPeriphDriver/CH59x_adc.o
                0x0000000000001ed4                ADC_ExtSingleChSampInit
 .text.ADC_InterTSSampInit
                0x0000000000001f10       0x34 ./StdPeriphDriver/CH59x_adc.o
                0x0000000000001f10                ADC_InterTSSampInit
 .text.ADC_ExcutSingleConver
                0x0000000000001f44       0x22 ./StdPeriphDriver/CH59x_adc.o
                0x0000000000001f44                ADC_ExcutSingleConver
 .text.LSECFG_Current
                0x0000000000001f66       0x4e ./StdPeriphDriver/CH59x_clk.o
                0x0000000000001f66                LSECFG_Current
 .text.RTC_InitTime
                0x0000000000001fb4      0x1d0 ./StdPeriphDriver/CH59x_clk.o
                0x0000000000001fb4                RTC_InitTime
 .text.Calibration_LSI
                0x0000000000002184      0x89e ./StdPeriphDriver/CH59x_clk.o
                0x0000000000002184                Calibration_LSI
 .text.GPIOA_ModeCfg
                0x0000000000002a22       0xa6 ./StdPeriphDriver/CH59x_gpio.o
                0x0000000000002a22                GPIOA_ModeCfg
 .text.GPIOB_ModeCfg
                0x0000000000002ac8       0xa6 ./StdPeriphDriver/CH59x_gpio.o
                0x0000000000002ac8                GPIOB_ModeCfg
 .text.GPIOAGPPCfg
                0x0000000000002b6e       0x1a ./StdPeriphDriver/CH59x_gpio.o
                0x0000000000002b6e                GPIOAGPPCfg
 .text.GetSysClock
                0x0000000000002b88       0x40 ./StdPeriphDriver/CH59x_sys.o
                0x0000000000002b88                GetSysClock
 .text.SYS_DisableAllIrq
                0x0000000000002bc8       0x1c ./StdPeriphDriver/CH59x_sys.o
                0x0000000000002bc8                SYS_DisableAllIrq
 .text.SYS_RecoverIrq
                0x0000000000002be4       0x14 ./StdPeriphDriver/CH59x_sys.o
                0x0000000000002be4                SYS_RecoverIrq
 .text.SYS_GetSysTickCnt
                0x0000000000002bf8        0xa ./StdPeriphDriver/CH59x_sys.o
                0x0000000000002bf8                SYS_GetSysTickCnt
 .text._write   0x0000000000002c02       0x28 ./StdPeriphDriver/CH59x_sys.o
                0x0000000000002c02                _write
 .text._sbrk    0x0000000000002c2a       0x34 ./StdPeriphDriver/CH59x_sys.o
                0x0000000000002c2a                _sbrk
 .text.UART0_BaudRateCfg
                0x0000000000002c5e       0x30 ./StdPeriphDriver/CH59x_uart0.o
                0x0000000000002c5e                UART0_BaudRateCfg
 .text.UART0_DefInit
                0x0000000000002c8e       0x32 ./StdPeriphDriver/CH59x_uart0.o
                0x0000000000002c8e                UART0_DefInit
 .text.devInfo_ReadAttrCB
                0x0000000000002cc0      0x1ce ./Profile/devinfoservice.o
 .text.DevInfo_AddService
                0x0000000000002e8e       0x1e ./Profile/devinfoservice.o
                0x0000000000002e8e                DevInfo_AddService
 .text.simpleProfile_ReadAttrCB
                0x0000000000002eac       0xa2 ./Profile/gattprofile.o
 .text.simpleProfile_HandleConnStatusCB
                0x0000000000002f4e       0x4e ./Profile/gattprofile.o
 .text.simpleProfile_WriteAttrCB
                0x0000000000002f9c      0x110 ./Profile/gattprofile.o
 .text.SimpleProfile_AddService
                0x00000000000030ac       0x60 ./Profile/gattprofile.o
                0x00000000000030ac                SimpleProfile_AddService
 .text.SimpleProfile_RegisterAppCBs
                0x000000000000310c       0x12 ./Profile/gattprofile.o
                0x000000000000310c                SimpleProfile_RegisterAppCBs
 .text.SimpleProfile_SetParameter
                0x000000000000311e       0xb6 ./Profile/gattprofile.o
                0x000000000000311e                SimpleProfile_SetParameter
 .text.simpleProfile_Notify
                0x00000000000031d4       0x58 ./Profile/gattprofile.o
                0x00000000000031d4                simpleProfile_Notify
 .text.HAL_KeyInit
                0x000000000000322c       0x4a ./HAL/KEY.o
                0x000000000000322c                HAL_KeyInit
 .text.HAL_KeyPoll
                0x0000000000003276       0x46 ./HAL/KEY.o
                0x0000000000003276                HAL_KeyPoll
 .text.Lib_Calibration_LSI
                0x00000000000032bc        0x6 ./HAL/MCU.o
                0x00000000000032bc                Lib_Calibration_LSI
 .text.Lib_Read_Flash
                0x00000000000032c2       0x1c ./HAL/MCU.o
                0x00000000000032c2                Lib_Read_Flash
 .text.HAL_GetInterTempValue
                0x00000000000032de       0x72 ./HAL/MCU.o
                0x00000000000032de                HAL_GetInterTempValue
 .text.HAL_ProcessEvent
                0x0000000000003350       0xbc ./HAL/MCU.o
                0x0000000000003350                HAL_ProcessEvent
 .text.Lib_Write_Flash_592A
                0x000000000000340c       0x84 ./HAL/MCU.o
                0x000000000000340c                Lib_Write_Flash_592A
 .text.Lib_Write_Flash
                0x0000000000003490       0x52 ./HAL/MCU.o
                0x0000000000003490                Lib_Write_Flash
 .text.CH59x_BLEInit
                0x00000000000034e2      0x13c ./HAL/MCU.o
                0x00000000000034e2                CH59x_BLEInit
 .text.HAL_Init
                0x000000000000361e       0x42 ./HAL/MCU.o
                0x000000000000361e                HAL_Init
 .text.HAL_TimeInit
                0x0000000000003660       0xce ./HAL/RTC.o
                0x0000000000003660                HAL_TimeInit
 .text.app_prov_attn_on
                0x000000000000372e       0x2e ./APP/app.o
                0x000000000000372e                app_prov_attn_on
 .text.app_prov_attn_off
                0x000000000000375c       0x2e ./APP/app.o
                0x000000000000375c                app_prov_attn_off
 .text.cfg_srv_rsp_handler
                0x000000000000378a       0xbe ./APP/app.o
 .text.link_open
                0x0000000000003848       0x22 ./APP/app.o
 .text.vendor_model_srv_send
                0x000000000000386a       0x64 ./APP/app.o
 .text.prov_reset
                0x00000000000038ce       0x98 ./APP/app.o
 .text.App_ProcessEvent
                0x0000000000003966      0x404 ./APP/app.o
 .text.cfg_cli_rsp_handler
                0x0000000000003d6a       0x72 ./APP/app.o
 .text.link_close
                0x0000000000003ddc       0x3a ./APP/app.o
 .text.prov_complete
                0x0000000000003e16       0xd0 ./APP/app.o
 .text.blemesh_on_sync
                0x0000000000003ee6      0x232 ./APP/app.o
                0x0000000000003ee6                blemesh_on_sync
 .text.App_Init
                0x0000000000004118       0x3e ./APP/app.o
                0x0000000000004118                App_Init
 .text.SwitchImageFlag
                0x0000000000004156       0x58 ./APP/app.o
                0x0000000000004156                SwitchImageFlag
 .text.App_trans_model_reveived
                0x00000000000041ae      0x802 ./APP/app.o
                0x00000000000041ae                App_trans_model_reveived
 .text.vendor_model_srv_rsp_handler
                0x00000000000049b0      0x10e ./APP/app.o
 .text.App_peripheral_reveived
                0x0000000000004abe      0x69c ./APP/app.o
                0x0000000000004abe                App_peripheral_reveived
 .text.Mesh_Send_Data
                0x000000000000515a       0x4a ./APP/app.o
                0x000000000000515a                Mesh_Send_Data
 .text.Main_ProcessEvent
                0x00000000000051a4      0x39c ./APP/app_main.o
                0x00000000000051a4                Main_ProcessEvent
 .text.bt_mesh_lib_init
                0x0000000000005540       0x54 ./APP/app_main.o
                0x0000000000005540                bt_mesh_lib_init
 .text.IWDG_Enable
                0x0000000000005594       0x2e ./APP/app_main.o
                0x0000000000005594                IWDG_Enable
 .text.Save_Debug_Mode_To_Flash
                0x00000000000055c2       0x6e ./APP/app_main.o
                0x00000000000055c2                Save_Debug_Mode_To_Flash
 .text.Load_Debug_Mode_From_Flash
                0x0000000000005630       0x62 ./APP/app_main.o
                0x0000000000005630                Load_Debug_Mode_From_Flash
 .text.startup.main
                0x0000000000005692       0xc4 ./APP/app_main.o
                0x0000000000005692                main
 .text.flash_write_protection
                0x0000000000005756        0x4 ./APP/app_mesh_config.o
                0x0000000000005756                flash_write_protection
 .text.erase_flash
                0x000000000000575a       0x26 ./APP/app_mesh_config.o
                0x000000000000575a                erase_flash
 .text.read_flash
                0x0000000000005780       0x1c ./APP/app_mesh_config.o
                0x0000000000005780                read_flash
 .text.write_flash
                0x000000000000579c       0x34 ./APP/app_mesh_config.o
                0x000000000000579c                write_flash
 .text.adc_discard_conversions
                0x00000000000057d0       0x2e ./APP/app_mux_adc.o
 .text.mux_apply_pins
                0x00000000000057fe       0x54 ./APP/app_mux_adc.o
 .text.MuxADC_SetMuxEnable.part.1
                0x0000000000005852       0x12 ./APP/app_mux_adc.o
 .text.MuxADC_ProcessEvent
                0x0000000000005864       0xb8 ./APP/app_mux_adc.o
 .text.MuxADC_Init
                0x000000000000591c       0x36 ./APP/app_mux_adc.o
                0x000000000000591c                MuxADC_Init
 .text.MuxADC_TaskStart
                0x0000000000005952       0x32 ./APP/app_mux_adc.o
                0x0000000000005952                MuxADC_TaskStart
 .text.set_led_state
                0x0000000000005984       0x38 ./APP/app_trans_process.o
                0x0000000000005984                set_led_state
 .text.app_trans_process
                0x00000000000059bc       0x26 ./APP/app_trans_process.o
                0x00000000000059bc                app_trans_process
 .text.vendor_message_srv_trans
                0x00000000000059e2       0x60 ./APP/app_vendor_model_srv.o
 .text.ind_end  0x0000000000005a42       0x1e ./APP/app_vendor_model_srv.o
 .text.vendor_message_srv_confirm
                0x0000000000005a60       0xb8 ./APP/app_vendor_model_srv.o
 .text.vendor_message_srv_write
                0x0000000000005b18       0x72 ./APP/app_vendor_model_srv.o
 .text.adv_srv_trans_send
                0x0000000000005b8a      0x156 ./APP/app_vendor_model_srv.o
 .text.ind_start
                0x0000000000005ce0       0x58 ./APP/app_vendor_model_srv.o
 .text.ind_reset.constprop.4
                0x0000000000005d38       0x34 ./APP/app_vendor_model_srv.o
 .text.vendor_srv_tid_get
                0x0000000000005d6c       0x2e ./APP/app_vendor_model_srv.o
                0x0000000000005d6c                vendor_srv_tid_get
 .text.vendor_message_srv_send_trans
                0x0000000000005d9a       0xf6 ./APP/app_vendor_model_srv.o
                0x0000000000005d9a                vendor_message_srv_send_trans
 .text.vendor_message_srv_trans_reset
                0x0000000000005e90       0x3a ./APP/app_vendor_model_srv.o
                0x0000000000005e90                vendor_message_srv_trans_reset
 .text.vendor_model_srv_rsp_recv
                0x0000000000005eca       0xb2 ./APP/app_vendor_model_srv.o
 .text.vendor_message_srv_ack
                0x0000000000005f7c       0x68 ./APP/app_vendor_model_srv.o
 .text.vendor_model_srv_ProcessEvent
                0x0000000000005fe4      0x17a ./APP/app_vendor_model_srv.o
 .text.vendor_model_srv_init
                0x000000000000615e       0x32 ./APP/app_vendor_model_srv.o
                0x000000000000615e                vendor_model_srv_init
 .text.peripheralRssiCB
                0x0000000000006190       0x44 ./APP/peripheral.o
 .text.Peripheral_ProcessEvent
                0x00000000000061d4       0xec ./APP/peripheral.o
                0x00000000000061d4                Peripheral_ProcessEvent
 .text.peripheralParamUpdateCB
                0x00000000000062c0       0x40 ./APP/peripheral.o
 .text.Peripheral_LinkTerminated
                0x0000000000006300       0xb8 ./APP/peripheral.o
 .text.peripheralStateNotificationCB
                0x00000000000063b8      0x1a4 ./APP/peripheral.o
 .text.BuildScanRspData
                0x000000000000655c       0x40 ./APP/peripheral.o
                0x000000000000655c                BuildScanRspData
 .text.Peripheral_Init
                0x000000000000659c      0x24a ./APP/peripheral.o
                0x000000000000659c                Peripheral_Init
 .text.peripheralChar4Notify
                0x00000000000067e6       0x6c ./APP/peripheral.o
                0x00000000000067e6                peripheralChar4Notify
 .text.simpleProfileChangeCB
                0x0000000000006852      0x22e ./APP/peripheral.o
 .text.Peripheral_AdvertData_Privisioned
                0x0000000000006a80       0x96 ./APP/peripheral.o
                0x0000000000006a80                Peripheral_AdvertData_Privisioned
 .text.Peripheral_TerminateLink
                0x0000000000006b16       0x1c ./APP/peripheral.o
                0x0000000000006b16                Peripheral_TerminateLink
 .text.Stop_Adv
                0x0000000000006b32       0x2c ./APP/peripheral.o
                0x0000000000006b32                Stop_Adv
 .text.mod_init
                0x0000000000006b5e      0x104 e:\wavemail\防跌\V1有人无人传感器\core_ch592_mesh\BLE\MESH\MESH_LIB\libCH59xMESHROM.a(mesh_access.o)
 .text.publish_start
                0x0000000000006c62       0x22 e:\wavemail\防跌\V1有人无人传感器\core_ch592_mesh\BLE\MESH\MESH_LIB\libCH59xMESHROM.a(mesh_access.o)
 .text.model_has_key.isra.0
                0x0000000000006c84       0x50 e:\wavemail\防跌\V1有人无人传感器\core_ch592_mesh\BLE\MESH\MESH_LIB\libCH59xMESHROM.a(mesh_access.o)
 .text.model_send
                0x0000000000006cd4       0xbc e:\wavemail\防跌\V1有人无人传感器\core_ch592_mesh\BLE\MESH\MESH_LIB\libCH59xMESHROM.a(mesh_access.o)
 .text.bt_mesh_comp_provision
                0x0000000000006d90       0x34 e:\wavemail\防跌\V1有人无人传感器\core_ch592_mesh\BLE\MESH\MESH_LIB\libCH59xMESHROM.a(mesh_access.o)
                0x0000000000006d90                bt_mesh_comp_provision
 .text.bt_mesh_elem_count
                0x0000000000006dc4       0x10 e:\wavemail\防跌\V1有人无人传感器\core_ch592_mesh\BLE\MESH\MESH_LIB\libCH59xMESHROM.a(mesh_access.o)
                0x0000000000006dc4                bt_mesh_elem_count
 .text.bt_mesh_primary_addr
                0x0000000000006dd4        0xa e:\wavemail\防跌\V1有人无人传感器\core_ch592_mesh\BLE\MESH\MESH_LIB\libCH59xMESHROM.a(mesh_access.o)
                0x0000000000006dd4                bt_mesh_primary_addr
 .text.bt_mesh_fixed_group_match
                0x0000000000006dde       0x44 e:\wavemail\防跌\V1有人无人传感器\core_ch592_mesh\BLE\MESH\MESH_LIB\libCH59xMESHROM.a(mesh_access.o)
                0x0000000000006dde                bt_mesh_fixed_group_match
 .text.bt_mesh_model_find_group
                0x0000000000006e22       0x32 e:\wavemail\防跌\V1有人无人传感器\core_ch592_mesh\BLE\MESH\MESH_LIB\libCH59xMESHROM.a(mesh_access.o)
                0x0000000000006e22                bt_mesh_model_find_group
 .text.bt_mesh_model_find_vnd
                0x0000000000006e54       0x30 e:\wavemail\防跌\V1有人无人传感器\core_ch592_mesh\BLE\MESH\MESH_LIB\libCH59xMESHROM.a(mesh_access.o)
                0x0000000000006e54                bt_mesh_model_find_vnd
 .text.bt_mesh_model_find
                0x0000000000006e84       0x28 e:\wavemail\防跌\V1有人无人传感器\core_ch592_mesh\BLE\MESH\MESH_LIB\libCH59xMESHROM.a(mesh_access.o)
                0x0000000000006e84                bt_mesh_model_find
 .text.bt_mesh_elem_find
                0x0000000000006eac       0xa2 e:\wavemail\防跌\V1有人无人传感器\core_ch592_mesh\BLE\MESH\MESH_LIB\libCH59xMESHROM.a(mesh_access.o)
                0x0000000000006eac                bt_mesh_elem_find
 .text.bt_mesh_model_msg_init
                0x0000000000006f4e       0x5a e:\wavemail\防跌\V1有人无人传感器\core_ch592_mesh\BLE\MESH\MESH_LIB\libCH59xMESHROM.a(mesh_access.o)
                0x0000000000006f4e                bt_mesh_model_msg_init
 .text.bt_mesh_comp_get
                0x0000000000006fa8        0xc e:\wavemail\防跌\V1有人无人传感器\core_ch592_mesh\BLE\MESH\MESH_LIB\libCH59xMESHROM.a(mesh_access.o)
                0x0000000000006fa8                bt_mesh_comp_get
 .text.bt_mesh_comp_register
                0x0000000000006fb4       0x14 e:\wavemail\防跌\V1有人无人传感器\core_ch592_mesh\BLE\MESH\MESH_LIB\libCH59xMESHROM.a(mesh_access.o)
                0x0000000000006fb4                bt_mesh_comp_register
 .text.bt_mesh_model_elem
                0x0000000000006fc8       0x16 e:\wavemail\防跌\V1有人无人传感器\core_ch592_mesh\BLE\MESH\MESH_LIB\libCH59xMESHROM.a(mesh_access.o)
                0x0000000000006fc8                bt_mesh_model_elem
 .text.publish_retransmit
                0x0000000000006fde       0xbc e:\wavemail\防跌\V1有人无人传感器\core_ch592_mesh\BLE\MESH\MESH_LIB\libCH59xMESHROM.a(mesh_access.o)
 .text.bt_mesh_model_pub_period_get
                0x000000000000709a       0x62 e:\wavemail\防跌\V1有人无人传感器\core_ch592_mesh\BLE\MESH\MESH_LIB\libCH59xMESHROM.a(mesh_access.o)
                0x000000000000709a                bt_mesh_model_pub_period_get
 .text.publish_sent
                0x00000000000070fc       0x5a e:\wavemail\防跌\V1有人无人传感器\core_ch592_mesh\BLE\MESH\MESH_LIB\libCH59xMESHROM.a(mesh_access.o)
 .text.bt_mesh_model_send
                0x0000000000007156       0x54 e:\wavemail\防跌\V1有人无人传感器\core_ch592_mesh\BLE\MESH\MESH_LIB\libCH59xMESHROM.a(mesh_access.o)
                0x0000000000007156                bt_mesh_model_send
 .text.bt_mesh_model_publish
                0x00000000000071aa      0x110 e:\wavemail\防跌\V1有人无人传感器\core_ch592_mesh\BLE\MESH\MESH_LIB\libCH59xMESHROM.a(mesh_access.o)
                0x00000000000071aa                bt_mesh_model_publish
 .text.mod_publish
                0x00000000000072ba       0x66 e:\wavemail\防跌\V1有人无人传感器\core_ch592_mesh\BLE\MESH\MESH_LIB\libCH59xMESHROM.a(mesh_access.o)
 .text.bt_mesh_model_recv
                0x0000000000007320      0x18e e:\wavemail\防跌\V1有人无人传感器\core_ch592_mesh\BLE\MESH\MESH_LIB\libCH59xMESHROM.a(mesh_access.o)
                0x0000000000007320                bt_mesh_model_recv
 .text.bt_mesh_model_get
                0x00000000000074ae       0x44 e:\wavemail\防跌\V1有人无人传感器\core_ch592_mesh\BLE\MESH\MESH_LIB\libCH59xMESHROM.a(mesh_access.o)
                0x00000000000074ae                bt_mesh_model_get
 .text.bt_mesh_model_foreach
                0x00000000000074f2       0x74 e:\wavemail\防跌\V1有人无人传感器\core_ch592_mesh\BLE\MESH\MESH_LIB\libCH59xMESHROM.a(mesh_access.o)
                0x00000000000074f2                bt_mesh_model_foreach
 .text.bt_mesh_comp_unprovision
                0x0000000000007566       0x1e e:\wavemail\防跌\V1有人无人传感器\core_ch592_mesh\BLE\MESH\MESH_LIB\libCH59xMESHROM.a(mesh_access.o)
                0x0000000000007566                bt_mesh_comp_unprovision
 .text.bt_mesh_mod_init
                0x0000000000007584       0x24 e:\wavemail\防跌\V1有人无人传感器\core_ch592_mesh\BLE\MESH\MESH_LIB\libCH59xMESHROM.a(mesh_access.o)
                0x0000000000007584                bt_mesh_mod_init
 .text.bt_notify
                0x00000000000075a8       0x72 e:\wavemail\防跌\V1有人无人传感器\core_ch592_mesh\BLE\MESH\MESH_LIB\libCH59xMESHROM.a(mesh_adapt.o)
 .text.bt_mesh_conn_unref
                0x000000000000761a        0x8 e:\wavemail\防跌\V1有人无人传感器\core_ch592_mesh\BLE\MESH\MESH_LIB\libCH59xMESHROM.a(mesh_adapt.o)
                0x000000000000761a                bt_mesh_conn_unref
 .text.k_uptime_get
                0x0000000000007622       0x1a e:\wavemail\防跌\V1有人无人传感器\core_ch592_mesh\BLE\MESH\MESH_LIB\libCH59xMESHROM.a(mesh_adapt.o)
                0x0000000000007622                k_uptime_get
 .text.k_uptime_get_32
                0x000000000000763c       0x18 e:\wavemail\防跌\V1有人无人传感器\core_ch592_mesh\BLE\MESH\MESH_LIB\libCH59xMESHROM.a(mesh_adapt.o)
                0x000000000000763c                k_uptime_get_32
 .text.bt_mesh_gatt_get_mtu
                0x0000000000007654       0x16 e:\wavemail\防跌\V1有人无人传感器\core_ch592_mesh\BLE\MESH\MESH_LIB\libCH59xMESHROM.a(mesh_adapt.o)
                0x0000000000007654                bt_mesh_gatt_get_mtu
 .text.bt_mesh_prov_notify
                0x000000000000766a       0x24 e:\wavemail\防跌\V1有人无人传感器\core_ch592_mesh\BLE\MESH\MESH_LIB\libCH59xMESHROM.a(mesh_adapt.o)
                0x000000000000766a                bt_mesh_prov_notify
 .text.bt_mesh_gatts_disconnect
                0x000000000000768e       0x12 e:\wavemail\防跌\V1有人无人传感器\core_ch592_mesh\BLE\MESH\MESH_LIB\libCH59xMESHROM.a(mesh_adapt.o)
                0x000000000000768e                bt_mesh_gatts_disconnect
 .text.bt_mesh_prov_servive_cccd_close
                0x00000000000076a0       0x1c e:\wavemail\防跌\V1有人无人传感器\core_ch592_mesh\BLE\MESH\MESH_LIB\libCH59xMESHROM.a(mesh_adapt.o)
                0x00000000000076a0                bt_mesh_prov_servive_cccd_close
 .text.bt_mesh_prov_service_stop
                0x00000000000076bc       0x1c e:\wavemail\防跌\V1有人无人传感器\core_ch592_mesh\BLE\MESH\MESH_LIB\libCH59xMESHROM.a(mesh_adapt.o)
                0x00000000000076bc                bt_mesh_prov_service_stop
 .text.bt_mesh_proxy_service_cccd_close
                0x00000000000076d8       0x1c e:\wavemail\防跌\V1有人无人传感器\core_ch592_mesh\BLE\MESH\MESH_LIB\libCH59xMESHROM.a(mesh_adapt.o)
                0x00000000000076d8                bt_mesh_proxy_service_cccd_close
 .text.bt_mesh_gatts_service_stop
                0x00000000000076f4       0x1c e:\wavemail\防跌\V1有人无人传感器\core_ch592_mesh\BLE\MESH\MESH_LIB\libCH59xMESHROM.a(mesh_adapt.o)
                0x00000000000076f4                bt_mesh_gatts_service_stop
 .text.bt_le_scan_start
                0x0000000000007710       0x12 e:\wavemail\防跌\V1有人无人传感器\core_ch592_mesh\BLE\MESH\MESH_LIB\libCH59xMESHROM.a(mesh_adapt.o)
                0x0000000000007710                bt_le_scan_start
 .text.bt_le_scan_stop
                0x0000000000007722        0xc e:\wavemail\防跌\V1有人无人传感器\core_ch592_mesh\BLE\MESH\MESH_LIB\libCH59xMESHROM.a(mesh_adapt.o)
                0x0000000000007722                bt_le_scan_stop
 .text.adv_buf_destroy
                0x000000000000772e       0x1e e:\wavemail\防跌\V1有人无人传感器\core_ch592_mesh\BLE\MESH\MESH_LIB\libCH59xMESHROM.a(mesh_adv.o)
 .text.adv_alloc
                0x000000000000774c       0x14 e:\wavemail\防跌\V1有人无人传感器\core_ch592_mesh\BLE\MESH\MESH_LIB\libCH59xMESHROM.a(mesh_adv.o)
 .text.bt_mesh_scan_cb
                0x0000000000007760       0x72 e:\wavemail\防跌\V1有人无人传感器\core_ch592_mesh\BLE\MESH\MESH_LIB\libCH59xMESHROM.a(mesh_adv.o)
 .text.adv_first_get
                0x00000000000077d2       0x2c e:\wavemail\防跌\V1有人无人传感器\core_ch592_mesh\BLE\MESH\MESH_LIB\libCH59xMESHROM.a(mesh_adv.o)
 .text._set_mesh_bear_adv_buf
                0x00000000000077fe       0x70 e:\wavemail\防跌\V1有人无人传感器\core_ch592_mesh\BLE\MESH\MESH_LIB\libCH59xMESHROM.a(mesh_adv.o)
                0x00000000000077fe                _set_mesh_bear_adv_buf
 .text.bt_mesh_buf_get_from_pool
                0x000000000000786e       0x16 e:\wavemail\防跌\V1有人无人传感器\core_ch592_mesh\BLE\MESH\MESH_LIB\libCH59xMESHROM.a(mesh_adv.o)
                0x000000000000786e                bt_mesh_buf_get_from_pool
 .text.adv_buf_deinit.isra.3
                0x0000000000007884       0x32 e:\wavemail\防跌\V1有人无人传感器\core_ch592_mesh\BLE\MESH\MESH_LIB\libCH59xMESHROM.a(mesh_adv.o)
 .text.k_adv_handler
                0x00000000000078b6       0xec e:\wavemail\防跌\V1有人无人传感器\core_ch592_mesh\BLE\MESH\MESH_LIB\libCH59xMESHROM.a(mesh_adv.o)
 .text.bt_mesh_adv_create_from_pool
                0x00000000000079a2       0x32 e:\wavemail\防跌\V1有人无人传感器\core_ch592_mesh\BLE\MESH\MESH_LIB\libCH59xMESHROM.a(mesh_adv.o)
                0x00000000000079a2                bt_mesh_adv_create_from_pool
 .text.bt_mesh_adv_create
                0x00000000000079d4       0x8e e:\wavemail\防跌\V1有人无人传感器\core_ch592_mesh\BLE\MESH\MESH_LIB\libCH59xMESHROM.a(mesh_adv.o)
                0x00000000000079d4                bt_mesh_adv_create
 .text.bt_mesh_adv_send
                0x0000000000007a62       0xb4 e:\wavemail\防跌\V1有人无人传感器\core_ch592_mesh\BLE\MESH\MESH_LIB\libCH59xMESHROM.a(mesh_adv.o)
                0x0000000000007a62                bt_mesh_adv_send
 .text.bt_mesh_scan_enable
                0x0000000000007b16       0x18 e:\wavemail\防跌\V1有人无人传感器\core_ch592_mesh\BLE\MESH\MESH_LIB\libCH59xMESHROM.a(mesh_adv.o)
                0x0000000000007b16                bt_mesh_scan_enable
 .text.bt_mesh_scan_disable
                0x0000000000007b2e        0xc e:\wavemail\防跌\V1有人无人传感器\core_ch592_mesh\BLE\MESH\MESH_LIB\libCH59xMESHROM.a(mesh_adv.o)
                0x0000000000007b2e                bt_mesh_scan_disable
 .text.check_adv_need_deinit
                0x0000000000007b3a       0x4e e:\wavemail\防跌\V1有人无人传感器\core_ch592_mesh\BLE\MESH\MESH_LIB\libCH59xMESHROM.a(mesh_adv.o)
                0x0000000000007b3a                check_adv_need_deinit
 .text.bt_mesh_adv_init
                0x0000000000007b88       0x2c e:\wavemail\防跌\V1有人无人传感器\core_ch592_mesh\BLE\MESH\MESH_LIB\libCH59xMESHROM.a(mesh_adv.o)
                0x0000000000007b88                bt_mesh_adv_init
 .text.model_start
                0x0000000000007bb4       0x18 e:\wavemail\防跌\V1有人无人传感器\core_ch592_mesh\BLE\MESH\MESH_LIB\libCH59xMESHROM.a(mesh_api.o)
 .text.adv_buf_count_get
                0x0000000000007bcc       0x10 e:\wavemail\防跌\V1有人无人传感器\core_ch592_mesh\BLE\MESH\MESH_LIB\libCH59xMESHROM.a(mesh_api.o)
                0x0000000000007bcc                adv_buf_count_get
 .text.rpl_count_get
                0x0000000000007bdc       0x10 e:\wavemail\防跌\V1有人无人传感器\core_ch592_mesh\BLE\MESH\MESH_LIB\libCH59xMESHROM.a(mesh_api.o)
                0x0000000000007bdc                rpl_count_get
 .text.allow_rpl_cycle_get
                0x0000000000007bec       0x10 e:\wavemail\防跌\V1有人无人传感器\core_ch592_mesh\BLE\MESH\MESH_LIB\libCH59xMESHROM.a(mesh_api.o)
                0x0000000000007bec                allow_rpl_cycle_get
 .text.allow_same_addr_get
                0x0000000000007bfc       0x10 e:\wavemail\防跌\V1有人无人传感器\core_ch592_mesh\BLE\MESH\MESH_LIB\libCH59xMESHROM.a(mesh_api.o)
                0x0000000000007bfc                allow_same_addr_get
 .text.ivu_divider_get
                0x0000000000007c0c       0x10 e:\wavemail\防跌\V1有人无人传感器\core_ch592_mesh\BLE\MESH\MESH_LIB\libCH59xMESHROM.a(mesh_api.o)
                0x0000000000007c0c                ivu_divider_get
 .text.mod_key_count_get
                0x0000000000007c1c       0x10 e:\wavemail\防跌\V1有人无人传感器\core_ch592_mesh\BLE\MESH\MESH_LIB\libCH59xMESHROM.a(mesh_api.o)
                0x0000000000007c1c                mod_key_count_get
 .text.mod_group_count_get
                0x0000000000007c2c       0x10 e:\wavemail\防跌\V1有人无人传感器\core_ch592_mesh\BLE\MESH\MESH_LIB\libCH59xMESHROM.a(mesh_api.o)
                0x0000000000007c2c                mod_group_count_get
 .text.pxyfilter_count_get
                0x0000000000007c3c       0x10 e:\wavemail\防跌\V1有人无人传感器\core_ch592_mesh\BLE\MESH\MESH_LIB\libCH59xMESHROM.a(mesh_api.o)
                0x0000000000007c3c                pxyfilter_count_get
 .text.msgcache_count_get
                0x0000000000007c4c       0x10 e:\wavemail\防跌\V1有人无人传感器\core_ch592_mesh\BLE\MESH\MESH_LIB\libCH59xMESHROM.a(mesh_api.o)
                0x0000000000007c4c                msgcache_count_get
 .text.subnet_count_get
                0x0000000000007c5c       0x10 e:\wavemail\防跌\V1有人无人传感器\core_ch592_mesh\BLE\MESH\MESH_LIB\libCH59xMESHROM.a(mesh_api.o)
                0x0000000000007c5c                subnet_count_get
 .text.appkey_count_get
                0x0000000000007c6c       0x10 e:\wavemail\防跌\V1有人无人传感器\core_ch592_mesh\BLE\MESH\MESH_LIB\libCH59xMESHROM.a(mesh_api.o)
                0x0000000000007c6c                appkey_count_get
 .text.unseg_length_get
                0x0000000000007c7c       0x14 e:\wavemail\防跌\V1有人无人传感器\core_ch592_mesh\BLE\MESH\MESH_LIB\libCH59xMESHROM.a(mesh_api.o)
                0x0000000000007c7c                unseg_length_get
 .text.txseg_max_get
                0x0000000000007c90       0x10 e:\wavemail\防跌\V1有人无人传感器\core_ch592_mesh\BLE\MESH\MESH_LIB\libCH59xMESHROM.a(mesh_api.o)
                0x0000000000007c90                txseg_max_get
 .text.txseg_count_get
                0x0000000000007ca0       0x10 e:\wavemail\防跌\V1有人无人传感器\core_ch592_mesh\BLE\MESH\MESH_LIB\libCH59xMESHROM.a(mesh_api.o)
                0x0000000000007ca0                txseg_count_get
 .text.rxseg_count_get
                0x0000000000007cb0       0x10 e:\wavemail\防跌\V1有人无人传感器\core_ch592_mesh\BLE\MESH\MESH_LIB\libCH59xMESHROM.a(mesh_api.o)
                0x0000000000007cb0                rxseg_count_get
 .text.rxsdu_max_get
                0x0000000000007cc0       0x10 e:\wavemail\防跌\V1有人无人传感器\core_ch592_mesh\BLE\MESH\MESH_LIB\libCH59xMESHROM.a(mesh_api.o)
                0x0000000000007cc0                rxsdu_max_get
 .text.label_count_get
                0x0000000000007cd0       0x10 e:\wavemail\防跌\V1有人无人传感器\core_ch592_mesh\BLE\MESH\MESH_LIB\libCH59xMESHROM.a(mesh_api.o)
                0x0000000000007cd0                label_count_get
 .text.seq_store_rate_get
                0x0000000000007ce0       0x10 e:\wavemail\防跌\V1有人无人传感器\core_ch592_mesh\BLE\MESH\MESH_LIB\libCH59xMESHROM.a(mesh_api.o)
                0x0000000000007ce0                seq_store_rate_get
 .text.rpl_store_rate_get
                0x0000000000007cf0       0x10 e:\wavemail\防跌\V1有人无人传感器\core_ch592_mesh\BLE\MESH\MESH_LIB\libCH59xMESHROM.a(mesh_api.o)
                0x0000000000007cf0                rpl_store_rate_get
 .text.store_rate_get
                0x0000000000007d00       0x10 e:\wavemail\防跌\V1有人无人传感器\core_ch592_mesh\BLE\MESH\MESH_LIB\libCH59xMESHROM.a(mesh_api.o)
                0x0000000000007d00                store_rate_get
 .text.frndseg_rx_get
                0x0000000000007d10       0x10 e:\wavemail\防跌\V1有人无人传感器\core_ch592_mesh\BLE\MESH\MESH_LIB\libCH59xMESHROM.a(mesh_api.o)
                0x0000000000007d10                frndseg_rx_get
 .text.frndsub_size_get
                0x0000000000007d20       0x10 e:\wavemail\防跌\V1有人无人传感器\core_ch592_mesh\BLE\MESH\MESH_LIB\libCH59xMESHROM.a(mesh_api.o)
                0x0000000000007d20                frndsub_size_get
 .text.frndlpn_count_get
                0x0000000000007d30       0x10 e:\wavemail\防跌\V1有人无人传感器\core_ch592_mesh\BLE\MESH\MESH_LIB\libCH59xMESHROM.a(mesh_api.o)
                0x0000000000007d30                frndlpn_count_get
 .text.frndqueue_size_get
                0x0000000000007d40       0x10 e:\wavemail\防跌\V1有人无人传感器\core_ch592_mesh\BLE\MESH\MESH_LIB\libCH59xMESHROM.a(mesh_api.o)
                0x0000000000007d40                frndqueue_size_get
 .text.lpnpoll_timeout_get
                0x0000000000007d50        0xe e:\wavemail\防跌\V1有人无人传感器\core_ch592_mesh\BLE\MESH\MESH_LIB\libCH59xMESHROM.a(mesh_api.o)
                0x0000000000007d50                lpnpoll_timeout_get
 .text.lpnrecv_delay_get
                0x0000000000007d5e       0x10 e:\wavemail\防跌\V1有人无人传感器\core_ch592_mesh\BLE\MESH\MESH_LIB\libCH59xMESHROM.a(mesh_api.o)
                0x0000000000007d5e                lpnrecv_delay_get
 .text.lpnretry_timeout_get
                0x0000000000007d6e       0x16 e:\wavemail\防跌\V1有人无人传感器\core_ch592_mesh\BLE\MESH\MESH_LIB\libCH59xMESHROM.a(mesh_api.o)
                0x0000000000007d6e                lpnretry_timeout_get
 .text.prov_node_count_get
                0x0000000000007d84       0x10 e:\wavemail\防跌\V1有人无人传感器\core_ch592_mesh\BLE\MESH\MESH_LIB\libCH59xMESHROM.a(mesh_api.o)
                0x0000000000007d84                prov_node_count_get
 .text.rf_accessAddress_get
                0x0000000000007d94        0xe e:\wavemail\防跌\V1有人无人传感器\core_ch592_mesh\BLE\MESH\MESH_LIB\libCH59xMESHROM.a(mesh_api.o)
                0x0000000000007d94                rf_accessAddress_get
 .text.device_parmas_get
                0x0000000000007da2        0xc e:\wavemail\防跌\V1有人无人传感器\core_ch592_mesh\BLE\MESH\MESH_LIB\libCH59xMESHROM.a(mesh_api.o)
                0x0000000000007da2                device_parmas_get
 .text.dev_mac_get
                0x0000000000007dae        0xc e:\wavemail\防跌\V1有人无人传感器\core_ch592_mesh\BLE\MESH\MESH_LIB\libCH59xMESHROM.a(mesh_api.o)
                0x0000000000007dae                dev_mac_get
 .text.bt_mesh_cfg_set
                0x0000000000007dba      0x252 e:\wavemail\防跌\V1有人无人传感器\core_ch592_mesh\BLE\MESH\MESH_LIB\libCH59xMESHROM.a(mesh_api.o)
                0x0000000000007dba                bt_mesh_cfg_set
 .text.bt_mesh_start
                0x000000000000800c       0x26 e:\wavemail\防跌\V1有人无人传感器\core_ch592_mesh\BLE\MESH\MESH_LIB\libCH59xMESHROM.a(mesh_api.o)
                0x000000000000800c                bt_mesh_start
 .text.bt_mesh_provision
                0x0000000000008032       0xce e:\wavemail\防跌\V1有人无人传感器\core_ch592_mesh\BLE\MESH\MESH_LIB\libCH59xMESHROM.a(mesh_api.o)
                0x0000000000008032                bt_mesh_provision
 .text.bt_mesh_reset
                0x0000000000008100       0xba e:\wavemail\防跌\V1有人无人传感器\core_ch592_mesh\BLE\MESH\MESH_LIB\libCH59xMESHROM.a(mesh_api.o)
                0x0000000000008100                bt_mesh_reset
 .text.bt_mesh_iv_index_get
                0x00000000000081ba        0xc e:\wavemail\防跌\V1有人无人传感器\core_ch592_mesh\BLE\MESH\MESH_LIB\libCH59xMESHROM.a(mesh_api.o)
                0x00000000000081ba                bt_mesh_iv_index_get
 .text.bt_mesh_net_flags_get
                0x00000000000081c6       0x10 e:\wavemail\防跌\V1有人无人传感器\core_ch592_mesh\BLE\MESH\MESH_LIB\libCH59xMESHROM.a(mesh_api.o)
                0x00000000000081c6                bt_mesh_net_flags_get
 .text.auth_match
                0x00000000000081d6       0x46 e:\wavemail\防跌\V1有人无人传感器\core_ch592_mesh\BLE\MESH\MESH_LIB\libCH59xMESHROM.a(mesh_beacon.o)
 .text.unprov_send_start
                0x000000000000821c       0x18 e:\wavemail\防跌\V1有人无人传感器\core_ch592_mesh\BLE\MESH\MESH_LIB\libCH59xMESHROM.a(mesh_beacon.o)
 .text.beacon_complete
                0x0000000000008234       0x16 e:\wavemail\防跌\V1有人无人传感器\core_ch592_mesh\BLE\MESH\MESH_LIB\libCH59xMESHROM.a(mesh_beacon.o)
 .text.bt_mesh_beacon_create
                0x000000000000824a       0x50 e:\wavemail\防跌\V1有人无人传感器\core_ch592_mesh\BLE\MESH\MESH_LIB\libCH59xMESHROM.a(mesh_beacon.o)
                0x000000000000824a                bt_mesh_beacon_create
 .text.beacon_send
                0x000000000000829a      0x1f8 e:\wavemail\防跌\V1有人无人传感器\core_ch592_mesh\BLE\MESH\MESH_LIB\libCH59xMESHROM.a(mesh_beacon.o)
 .text.bt_mesh_beacon_ivu_initiator
                0x0000000000008492       0x4a e:\wavemail\防跌\V1有人无人传感器\core_ch592_mesh\BLE\MESH\MESH_LIB\libCH59xMESHROM.a(mesh_beacon.o)
                0x0000000000008492                bt_mesh_beacon_ivu_initiator
 .text.bt_mesh_subnet_find
                0x00000000000084dc       0x7e e:\wavemail\防跌\V1有人无人传感器\core_ch592_mesh\BLE\MESH\MESH_LIB\libCH59xMESHROM.a(mesh_beacon.o)
                0x00000000000084dc                bt_mesh_subnet_find
 .text.bt_mesh_beacon_recv
                0x000000000000855a      0x180 e:\wavemail\防跌\V1有人无人传感器\core_ch592_mesh\BLE\MESH\MESH_LIB\libCH59xMESHROM.a(mesh_beacon.o)
                0x000000000000855a                bt_mesh_beacon_recv
 .text.bt_mesh_beacon_enable
                0x00000000000086da       0x52 e:\wavemail\防跌\V1有人无人传感器\core_ch592_mesh\BLE\MESH\MESH_LIB\libCH59xMESHROM.a(mesh_beacon.o)
                0x00000000000086da                bt_mesh_beacon_enable
 .text.bt_mesh_beacon_disable
                0x000000000000872c       0x26 e:\wavemail\防跌\V1有人无人传感器\core_ch592_mesh\BLE\MESH\MESH_LIB\libCH59xMESHROM.a(mesh_beacon.o)
                0x000000000000872c                bt_mesh_beacon_disable
 .text.bt_mesh_beacon_init
                0x0000000000008752       0x1c e:\wavemail\防跌\V1有人无人传感器\core_ch592_mesh\BLE\MESH\MESH_LIB\libCH59xMESHROM.a(mesh_beacon.o)
                0x0000000000008752                bt_mesh_beacon_init
 .text.heap_data_alloc
                0x000000000000876e       0x22 e:\wavemail\防跌\V1有人无人传感器\core_ch592_mesh\BLE\MESH\MESH_LIB\libCH59xMESHROM.a(mesh_buf.o)
 .text.generic_data_ref
                0x0000000000008790        0xe e:\wavemail\防跌\V1有人无人传感器\core_ch592_mesh\BLE\MESH\MESH_LIB\libCH59xMESHROM.a(mesh_buf.o)
 .text.heap_data_unref
                0x000000000000879e       0x26 e:\wavemail\防跌\V1有人无人传感器\core_ch592_mesh\BLE\MESH\MESH_LIB\libCH59xMESHROM.a(mesh_buf.o)
 .text.net_buf_simple_push
                0x00000000000087c4       0x14 e:\wavemail\防跌\V1有人无人传感器\core_ch592_mesh\BLE\MESH\MESH_LIB\libCH59xMESHROM.a(mesh_buf.o)
                0x00000000000087c4                net_buf_simple_push
 .text.net_buf_simple_push_be16
                0x00000000000087d8       0x2c e:\wavemail\防跌\V1有人无人传感器\core_ch592_mesh\BLE\MESH\MESH_LIB\libCH59xMESHROM.a(mesh_buf.o)
                0x00000000000087d8                net_buf_simple_push_be16
 .text.net_buf_simple_push_u8
                0x0000000000008804       0x18 e:\wavemail\防跌\V1有人无人传感器\core_ch592_mesh\BLE\MESH\MESH_LIB\libCH59xMESHROM.a(mesh_buf.o)
                0x0000000000008804                net_buf_simple_push_u8
 .text.net_buf_simple_pull
                0x000000000000881c       0x14 e:\wavemail\防跌\V1有人无人传感器\core_ch592_mesh\BLE\MESH\MESH_LIB\libCH59xMESHROM.a(mesh_buf.o)
                0x000000000000881c                net_buf_simple_pull
 .text.net_buf_simple_pull_mem
                0x0000000000008830       0x14 e:\wavemail\防跌\V1有人无人传感器\core_ch592_mesh\BLE\MESH\MESH_LIB\libCH59xMESHROM.a(mesh_buf.o)
                0x0000000000008830                net_buf_simple_pull_mem
 .text.net_buf_simple_headroom
                0x0000000000008844        0xa e:\wavemail\防跌\V1有人无人传感器\core_ch592_mesh\BLE\MESH\MESH_LIB\libCH59xMESHROM.a(mesh_buf.o)
                0x0000000000008844                net_buf_simple_headroom
 .text.net_buf_simple_tailroom
                0x000000000000884e       0x18 e:\wavemail\防跌\V1有人无人传感器\core_ch592_mesh\BLE\MESH\MESH_LIB\libCH59xMESHROM.a(mesh_buf.o)
                0x000000000000884e                net_buf_simple_tailroom
 .text.net_buf_simple_add
                0x0000000000008866       0x2a e:\wavemail\防跌\V1有人无人传感器\core_ch592_mesh\BLE\MESH\MESH_LIB\libCH59xMESHROM.a(mesh_buf.o)
                0x0000000000008866                net_buf_simple_add
 .text.net_buf_simple_add_mem
                0x0000000000008890       0x1e e:\wavemail\防跌\V1有人无人传感器\core_ch592_mesh\BLE\MESH\MESH_LIB\libCH59xMESHROM.a(mesh_buf.o)
                0x0000000000008890                net_buf_simple_add_mem
 .text.net_buf_simple_add_u8
                0x00000000000088ae       0x14 e:\wavemail\防跌\V1有人无人传感器\core_ch592_mesh\BLE\MESH\MESH_LIB\libCH59xMESHROM.a(mesh_buf.o)
                0x00000000000088ae                net_buf_simple_add_u8
 .text.net_buf_simple_add_le16
                0x00000000000088c2       0x26 e:\wavemail\防跌\V1有人无人传感器\core_ch592_mesh\BLE\MESH\MESH_LIB\libCH59xMESHROM.a(mesh_buf.o)
                0x00000000000088c2                net_buf_simple_add_le16
 .text.net_buf_simple_add_be16
                0x00000000000088e8       0x2e e:\wavemail\防跌\V1有人无人传感器\core_ch592_mesh\BLE\MESH\MESH_LIB\libCH59xMESHROM.a(mesh_buf.o)
                0x00000000000088e8                net_buf_simple_add_be16
 .text.net_buf_simple_add_be32
                0x0000000000008916       0x3e e:\wavemail\防跌\V1有人无人传感器\core_ch592_mesh\BLE\MESH\MESH_LIB\libCH59xMESHROM.a(mesh_buf.o)
                0x0000000000008916                net_buf_simple_add_be32
 .text.net_buf_simple_pull_u8
                0x0000000000008954       0x16 e:\wavemail\防跌\V1有人无人传感器\core_ch592_mesh\BLE\MESH\MESH_LIB\libCH59xMESHROM.a(mesh_buf.o)
                0x0000000000008954                net_buf_simple_pull_u8
 .text.net_buf_simple_pull_le16
                0x000000000000896a       0x28 e:\wavemail\防跌\V1有人无人传感器\core_ch592_mesh\BLE\MESH\MESH_LIB\libCH59xMESHROM.a(mesh_buf.o)
                0x000000000000896a                net_buf_simple_pull_le16
 .text.net_buf_simple_pull_be16
                0x0000000000008992       0x34 e:\wavemail\防跌\V1有人无人传感器\core_ch592_mesh\BLE\MESH\MESH_LIB\libCH59xMESHROM.a(mesh_buf.o)
                0x0000000000008992                net_buf_simple_pull_be16
 .text.net_buf_simple_pull_be32
                0x00000000000089c6       0x44 e:\wavemail\防跌\V1有人无人传感器\core_ch592_mesh\BLE\MESH\MESH_LIB\libCH59xMESHROM.a(mesh_buf.o)
                0x00000000000089c6                net_buf_simple_pull_be32
 .text.net_buf_simple_reserve
                0x0000000000008a0a        0x8 e:\wavemail\防跌\V1有人无人传感器\core_ch592_mesh\BLE\MESH\MESH_LIB\libCH59xMESHROM.a(mesh_buf.o)
                0x0000000000008a0a                net_buf_simple_reserve
 .text.net_buf_slist_put
                0x0000000000008a12       0x24 e:\wavemail\防跌\V1有人无人传感器\core_ch592_mesh\BLE\MESH\MESH_LIB\libCH59xMESHROM.a(mesh_buf.o)
                0x0000000000008a12                net_buf_slist_put
 .text.net_buf_slist_get
                0x0000000000008a36       0x42 e:\wavemail\防跌\V1有人无人传感器\core_ch592_mesh\BLE\MESH\MESH_LIB\libCH59xMESHROM.a(mesh_buf.o)
                0x0000000000008a36                net_buf_slist_get
 .text.net_buf_id
                0x0000000000008a78       0x1a e:\wavemail\防跌\V1有人无人传感器\core_ch592_mesh\BLE\MESH\MESH_LIB\libCH59xMESHROM.a(mesh_buf.o)
                0x0000000000008a78                net_buf_id
 .text.pool_get_buf
                0x0000000000008a92        0xc e:\wavemail\防跌\V1有人无人传感器\core_ch592_mesh\BLE\MESH\MESH_LIB\libCH59xMESHROM.a(mesh_buf.o)
                0x0000000000008a92                pool_get_buf
 .text.net_buf_ref
                0x0000000000008a9e        0xc e:\wavemail\防跌\V1有人无人传感器\core_ch592_mesh\BLE\MESH\MESH_LIB\libCH59xMESHROM.a(mesh_buf.o)
                0x0000000000008a9e                net_buf_ref
 .text.net_buf_unref
                0x0000000000008aaa       0x56 e:\wavemail\防跌\V1有人无人传感器\core_ch592_mesh\BLE\MESH\MESH_LIB\libCH59xMESHROM.a(mesh_buf.o)
                0x0000000000008aaa                net_buf_unref
 .text.net_buf_alloc_len
                0x0000000000008b00       0x76 e:\wavemail\防跌\V1有人无人传感器\core_ch592_mesh\BLE\MESH\MESH_LIB\libCH59xMESHROM.a(mesh_buf.o)
                0x0000000000008b00                net_buf_alloc_len
 .text.cli_reset
                0x0000000000008b76       0x20 e:\wavemail\防跌\V1有人无人传感器\core_ch592_mesh\BLE\MESH\MESH_LIB\libCH59xMESHROM.a(mesh_cfg_cli.o)
 .text.cfg_rsp_recv
                0x0000000000008b96       0x30 e:\wavemail\防跌\V1有人无人传感器\core_ch592_mesh\BLE\MESH\MESH_LIB\libCH59xMESHROM.a(mesh_cfg_cli.o)
 .text.cfg_cli_init
                0x0000000000008bc6       0x40 e:\wavemail\防跌\V1有人无人传感器\core_ch592_mesh\BLE\MESH\MESH_LIB\libCH59xMESHROM.a(mesh_cfg_cli.o)
 .text.sync_handler
                0x0000000000008c06       0x2e e:\wavemail\防跌\V1有人无人传感器\core_ch592_mesh\BLE\MESH\MESH_LIB\libCH59xMESHROM.a(mesh_cfg_cli.o)
 .text.vnd_sub_list
                0x0000000000008c34       0xb8 e:\wavemail\防跌\V1有人无人传感器\core_ch592_mesh\BLE\MESH\MESH_LIB\libCH59xMESHROM.a(mesh_cfg_cli.o)
 .text.sig_sub_list
                0x0000000000008cec       0xb4 e:\wavemail\防跌\V1有人无人传感器\core_ch592_mesh\BLE\MESH\MESH_LIB\libCH59xMESHROM.a(mesh_cfg_cli.o)
 .text.app_key_list
                0x0000000000008da0       0xa2 e:\wavemail\防跌\V1有人无人传感器\core_ch592_mesh\BLE\MESH\MESH_LIB\libCH59xMESHROM.a(mesh_cfg_cli.o)
 .text.vnd_app_list
                0x0000000000008e42       0xb8 e:\wavemail\防跌\V1有人无人传感器\core_ch592_mesh\BLE\MESH\MESH_LIB\libCH59xMESHROM.a(mesh_cfg_cli.o)
 .text.sig_app_list
                0x0000000000008efa       0xb4 e:\wavemail\防跌\V1有人无人传感器\core_ch592_mesh\BLE\MESH\MESH_LIB\libCH59xMESHROM.a(mesh_cfg_cli.o)
 .text.krp_status
                0x0000000000008fae       0x48 e:\wavemail\防跌\V1有人无人传感器\core_ch592_mesh\BLE\MESH\MESH_LIB\libCH59xMESHROM.a(mesh_cfg_cli.o)
 .text.node_id_status
                0x0000000000008ff6       0x4a e:\wavemail\防跌\V1有人无人传感器\core_ch592_mesh\BLE\MESH\MESH_LIB\libCH59xMESHROM.a(mesh_cfg_cli.o)
 .text.reset_status
                0x0000000000009040       0x2c e:\wavemail\防跌\V1有人无人传感器\core_ch592_mesh\BLE\MESH\MESH_LIB\libCH59xMESHROM.a(mesh_cfg_cli.o)
 .text.net_transmit
                0x000000000000906c       0x36 e:\wavemail\防跌\V1有人无人传感器\core_ch592_mesh\BLE\MESH\MESH_LIB\libCH59xMESHROM.a(mesh_cfg_cli.o)
 .text.lpn_polltimeout_status
                0x00000000000090a2       0x52 e:\wavemail\防跌\V1有人无人传感器\core_ch592_mesh\BLE\MESH\MESH_LIB\libCH59xMESHROM.a(mesh_cfg_cli.o)
 .text.hb_pub_status
                0x00000000000090f4       0x6e e:\wavemail\防跌\V1有人无人传感器\core_ch592_mesh\BLE\MESH\MESH_LIB\libCH59xMESHROM.a(mesh_cfg_cli.o)
 .text.hb_sub_status
                0x0000000000009162       0x72 e:\wavemail\防跌\V1有人无人传感器\core_ch592_mesh\BLE\MESH\MESH_LIB\libCH59xMESHROM.a(mesh_cfg_cli.o)
 .text.mod_sub_status.part.13
                0x00000000000091d4       0x3e e:\wavemail\防跌\V1有人无人传感器\core_ch592_mesh\BLE\MESH\MESH_LIB\libCH59xMESHROM.a(mesh_cfg_cli.o)
 .text.mod_sub_status
                0x0000000000009212       0x24 e:\wavemail\防跌\V1有人无人传感器\core_ch592_mesh\BLE\MESH\MESH_LIB\libCH59xMESHROM.a(mesh_cfg_cli.o)
 .text.mod_pub_status
                0x0000000000009236       0x74 e:\wavemail\防跌\V1有人无人传感器\core_ch592_mesh\BLE\MESH\MESH_LIB\libCH59xMESHROM.a(mesh_cfg_cli.o)
 .text.mod_app_status
                0x00000000000092aa       0x26 e:\wavemail\防跌\V1有人无人传感器\core_ch592_mesh\BLE\MESH\MESH_LIB\libCH59xMESHROM.a(mesh_cfg_cli.o)
 .text.net_key_status
                0x00000000000092d0       0x3c e:\wavemail\防跌\V1有人无人传感器\core_ch592_mesh\BLE\MESH\MESH_LIB\libCH59xMESHROM.a(mesh_cfg_cli.o)
 .text.relay_status
                0x000000000000930c       0x40 e:\wavemail\防跌\V1有人无人传感器\core_ch592_mesh\BLE\MESH\MESH_LIB\libCH59xMESHROM.a(mesh_cfg_cli.o)
 .text.gatt_proxy_status.part.18
                0x000000000000934c       0x18 e:\wavemail\防跌\V1有人无人传感器\core_ch592_mesh\BLE\MESH\MESH_LIB\libCH59xMESHROM.a(mesh_cfg_cli.o)
 .text.gatt_proxy_status
                0x0000000000009364       0x24 e:\wavemail\防跌\V1有人无人传感器\core_ch592_mesh\BLE\MESH\MESH_LIB\libCH59xMESHROM.a(mesh_cfg_cli.o)
 .text.friend_status
                0x0000000000009388       0x24 e:\wavemail\防跌\V1有人无人传感器\core_ch592_mesh\BLE\MESH\MESH_LIB\libCH59xMESHROM.a(mesh_cfg_cli.o)
 .text.ttl_status
                0x00000000000093ac       0x24 e:\wavemail\防跌\V1有人无人传感器\core_ch592_mesh\BLE\MESH\MESH_LIB\libCH59xMESHROM.a(mesh_cfg_cli.o)
 .text.beacon_status
                0x00000000000093d0       0x24 e:\wavemail\防跌\V1有人无人传感器\core_ch592_mesh\BLE\MESH\MESH_LIB\libCH59xMESHROM.a(mesh_cfg_cli.o)
 .text.comp_data_status
                0x00000000000093f4       0x30 e:\wavemail\防跌\V1有人无人传感器\core_ch592_mesh\BLE\MESH\MESH_LIB\libCH59xMESHROM.a(mesh_cfg_cli.o)
 .text.app_key_status
                0x0000000000009424       0x40 e:\wavemail\防跌\V1有人无人传感器\core_ch592_mesh\BLE\MESH\MESH_LIB\libCH59xMESHROM.a(mesh_cfg_cli.o)
 .text.cfg_srv_recv
                0x0000000000009464       0x1c e:\wavemail\防跌\V1有人无人传感器\core_ch592_mesh\BLE\MESH\MESH_LIB\libCH59xMESHROM.a(mesh_cfg_srv.o)
 .text.send_krp_status
                0x0000000000009480       0x5a e:\wavemail\防跌\V1有人无人传感器\core_ch592_mesh\BLE\MESH\MESH_LIB\libCH59xMESHROM.a(mesh_cfg_srv.o)
 .text.send_friend_status
                0x00000000000094da       0x44 e:\wavemail\防跌\V1有人无人传感器\core_ch592_mesh\BLE\MESH\MESH_LIB\libCH59xMESHROM.a(mesh_cfg_srv.o)
 .text.friend_get
                0x000000000000951e       0x18 e:\wavemail\防跌\V1有人无人传感器\core_ch592_mesh\BLE\MESH\MESH_LIB\libCH59xMESHROM.a(mesh_cfg_srv.o)
 .text.send_net_key_status
                0x0000000000009536       0x50 e:\wavemail\防跌\V1有人无人传感器\core_ch592_mesh\BLE\MESH\MESH_LIB\libCH59xMESHROM.a(mesh_cfg_srv.o)
 .text.krp_get  0x0000000000009586       0x46 e:\wavemail\防跌\V1有人无人传感器\core_ch592_mesh\BLE\MESH\MESH_LIB\libCH59xMESHROM.a(mesh_cfg_srv.o)
 .text.node_identity_get
                0x00000000000095cc       0x82 e:\wavemail\防跌\V1有人无人传感器\core_ch592_mesh\BLE\MESH\MESH_LIB\libCH59xMESHROM.a(mesh_cfg_srv.o)
 .text.hb_pub_send_status
                0x000000000000964e       0xbc e:\wavemail\防跌\V1有人无人传感器\core_ch592_mesh\BLE\MESH\MESH_LIB\libCH59xMESHROM.a(mesh_cfg_srv.o)
 .text.heartbeat_pub_get
                0x000000000000970a       0x1c e:\wavemail\防跌\V1有人无人传感器\core_ch592_mesh\BLE\MESH\MESH_LIB\libCH59xMESHROM.a(mesh_cfg_srv.o)
 .text.send_mod_sub_status
                0x0000000000009726       0x8e e:\wavemail\防跌\V1有人无人传感器\core_ch592_mesh\BLE\MESH\MESH_LIB\libCH59xMESHROM.a(mesh_cfg_srv.o)
 .text.krp_set  0x00000000000097b4       0xde e:\wavemail\防跌\V1有人无人传感器\core_ch592_mesh\BLE\MESH\MESH_LIB\libCH59xMESHROM.a(mesh_cfg_srv.o)
 .text.lpn_timeout_get
                0x0000000000009892       0xb2 e:\wavemail\防跌\V1有人无人传感器\core_ch592_mesh\BLE\MESH\MESH_LIB\libCH59xMESHROM.a(mesh_cfg_srv.o)
 .text.node_reset
                0x0000000000009944       0x56 e:\wavemail\防跌\V1有人无人传感器\core_ch592_mesh\BLE\MESH\MESH_LIB\libCH59xMESHROM.a(mesh_cfg_srv.o)
 .text.app_key_is_valid
                0x000000000000999a       0x48 e:\wavemail\防跌\V1有人无人传感器\core_ch592_mesh\BLE\MESH\MESH_LIB\libCH59xMESHROM.a(mesh_cfg_srv.o)
 .text.va_find  0x00000000000099e2       0x58 e:\wavemail\防跌\V1有人无人传感器\core_ch592_mesh\BLE\MESH\MESH_LIB\libCH59xMESHROM.a(mesh_cfg_srv.o)
 .text.node_identity_set
                0x0000000000009a3a       0xcc e:\wavemail\防跌\V1有人无人传感器\core_ch592_mesh\BLE\MESH\MESH_LIB\libCH59xMESHROM.a(mesh_cfg_srv.o)
 .text.net_key_update
                0x0000000000009b06       0xe0 e:\wavemail\防跌\V1有人无人传感器\core_ch592_mesh\BLE\MESH\MESH_LIB\libCH59xMESHROM.a(mesh_cfg_srv.o)
 .text.net_key_add
                0x0000000000009be6       0xee e:\wavemail\防跌\V1有人无人传感器\core_ch592_mesh\BLE\MESH\MESH_LIB\libCH59xMESHROM.a(mesh_cfg_srv.o)
 .text.mod_sub_get_vnd
                0x0000000000009cd4      0x13a e:\wavemail\防跌\V1有人无人传感器\core_ch592_mesh\BLE\MESH\MESH_LIB\libCH59xMESHROM.a(mesh_cfg_srv.o)
 .text.mod_sub_get
                0x0000000000009e0e      0x118 e:\wavemail\防跌\V1有人无人传感器\core_ch592_mesh\BLE\MESH\MESH_LIB\libCH59xMESHROM.a(mesh_cfg_srv.o)
 .text.cfg_srv_init
                0x0000000000009f26       0xba e:\wavemail\防跌\V1有人无人传感器\core_ch592_mesh\BLE\MESH\MESH_LIB\libCH59xMESHROM.a(mesh_cfg_srv.o)
 .text.hb_publish
                0x0000000000009fe0       0x30 e:\wavemail\防跌\V1有人无人传感器\core_ch592_mesh\BLE\MESH\MESH_LIB\libCH59xMESHROM.a(mesh_cfg_srv.o)
 .text.create_mod_app_status.isra.3
                0x000000000000a010       0x6e e:\wavemail\防跌\V1有人无人传感器\core_ch592_mesh\BLE\MESH\MESH_LIB\libCH59xMESHROM.a(mesh_cfg_srv.o)
 .text.friend_set
                0x000000000000a07e       0x7c e:\wavemail\防跌\V1有人无人传感器\core_ch592_mesh\BLE\MESH\MESH_LIB\libCH59xMESHROM.a(mesh_cfg_srv.o)
 .text.get_model
                0x000000000000a0fa       0x4c e:\wavemail\防跌\V1有人无人传感器\core_ch592_mesh\BLE\MESH\MESH_LIB\libCH59xMESHROM.a(mesh_cfg_srv.o)
 .text.mod_app_get
                0x000000000000a146      0x134 e:\wavemail\防跌\V1有人无人传感器\core_ch592_mesh\BLE\MESH\MESH_LIB\libCH59xMESHROM.a(mesh_cfg_srv.o)
 .text.mod_app_bind
                0x000000000000a27a      0x10a e:\wavemail\防跌\V1有人无人传感器\core_ch592_mesh\BLE\MESH\MESH_LIB\libCH59xMESHROM.a(mesh_cfg_srv.o)
 .text.mod_sub_del
                0x000000000000a384       0xd8 e:\wavemail\防跌\V1有人无人传感器\core_ch592_mesh\BLE\MESH\MESH_LIB\libCH59xMESHROM.a(mesh_cfg_srv.o)
 .text.mod_sub_add
                0x000000000000a45c       0xf0 e:\wavemail\防跌\V1有人无人传感器\core_ch592_mesh\BLE\MESH\MESH_LIB\libCH59xMESHROM.a(mesh_cfg_srv.o)
 .text.send_mod_pub_status.isra.8
                0x000000000000a54c       0xde e:\wavemail\防跌\V1有人无人传感器\core_ch592_mesh\BLE\MESH\MESH_LIB\libCH59xMESHROM.a(mesh_cfg_srv.o)
 .text.mod_pub_get
                0x000000000000a62a       0x80 e:\wavemail\防跌\V1有人无人传感器\core_ch592_mesh\BLE\MESH\MESH_LIB\libCH59xMESHROM.a(mesh_cfg_srv.o)
 .text.dev_comp_data_get
                0x000000000000a6aa      0x164 e:\wavemail\防跌\V1有人无人传感器\core_ch592_mesh\BLE\MESH\MESH_LIB\libCH59xMESHROM.a(mesh_cfg_srv.o)
 .text.va_store
                0x000000000000a80e       0x14 e:\wavemail\防跌\V1有人无人传感器\core_ch592_mesh\BLE\MESH\MESH_LIB\libCH59xMESHROM.a(mesh_cfg_srv.o)
 .text.va_del   0x000000000000a822       0x36 e:\wavemail\防跌\V1有人无人传感器\core_ch592_mesh\BLE\MESH\MESH_LIB\libCH59xMESHROM.a(mesh_cfg_srv.o)
 .text.mod_sub_va_del
                0x000000000000a858       0xe0 e:\wavemail\防跌\V1有人无人传感器\core_ch592_mesh\BLE\MESH\MESH_LIB\libCH59xMESHROM.a(mesh_cfg_srv.o)
 .text.va_add   0x000000000000a938       0x60 e:\wavemail\防跌\V1有人无人传感器\core_ch592_mesh\BLE\MESH\MESH_LIB\libCH59xMESHROM.a(mesh_cfg_srv.o)
 .text.mod_sub_va_add
                0x000000000000a998      0x102 e:\wavemail\防跌\V1有人无人传感器\core_ch592_mesh\BLE\MESH\MESH_LIB\libCH59xMESHROM.a(mesh_cfg_srv.o)
 .text.hb_pwr2.constprop.15
                0x000000000000aa9a       0x2a e:\wavemail\防跌\V1有人无人传感器\core_ch592_mesh\BLE\MESH\MESH_LIB\libCH59xMESHROM.a(mesh_cfg_srv.o)
 .text.hb_start
                0x000000000000aac4       0x48 e:\wavemail\防跌\V1有人无人传感器\core_ch592_mesh\BLE\MESH\MESH_LIB\libCH59xMESHROM.a(mesh_cfg_srv.o)
 .text.heartbeat_pub_set
                0x000000000000ab0c      0x12c e:\wavemail\防跌\V1有人无人传感器\core_ch592_mesh\BLE\MESH\MESH_LIB\libCH59xMESHROM.a(mesh_cfg_srv.o)
 .text.hb_sub_send_status.constprop.13
                0x000000000000ac38       0xde e:\wavemail\防跌\V1有人无人传感器\core_ch592_mesh\BLE\MESH\MESH_LIB\libCH59xMESHROM.a(mesh_cfg_srv.o)
 .text.heartbeat_sub_get
                0x000000000000ad16       0x18 e:\wavemail\防跌\V1有人无人传感器\core_ch592_mesh\BLE\MESH\MESH_LIB\libCH59xMESHROM.a(mesh_cfg_srv.o)
 .text.heartbeat_sub_set
                0x000000000000ad2e      0x100 e:\wavemail\防跌\V1有人无人传感器\core_ch592_mesh\BLE\MESH\MESH_LIB\libCH59xMESHROM.a(mesh_cfg_srv.o)
 .text._set_mesh_configserver_buf
                0x000000000000ae2e       0x28 e:\wavemail\防跌\V1有人无人传感器\core_ch592_mesh\BLE\MESH\MESH_LIB\libCH59xMESHROM.a(mesh_cfg_srv.o)
                0x000000000000ae2e                _set_mesh_configserver_buf
 .text.bt_mesh_relay_init
                0x000000000000ae56        0xc e:\wavemail\防跌\V1有人无人传感器\core_ch592_mesh\BLE\MESH\MESH_LIB\libCH59xMESHROM.a(mesh_cfg_srv.o)
                0x000000000000ae56                bt_mesh_relay_init
 .text.bt_mesh_heartbeat
                0x000000000000ae62       0x74 e:\wavemail\防跌\V1有人无人传感器\core_ch592_mesh\BLE\MESH\MESH_LIB\libCH59xMESHROM.a(mesh_cfg_srv.o)
                0x000000000000ae62                bt_mesh_heartbeat
 .text.bt_mesh_net_transmit_get
                0x000000000000aed6       0x14 e:\wavemail\防跌\V1有人无人传感器\core_ch592_mesh\BLE\MESH\MESH_LIB\libCH59xMESHROM.a(mesh_cfg_srv.o)
                0x000000000000aed6                bt_mesh_net_transmit_get
 .text.net_transmit_set
                0x000000000000aeea       0x70 e:\wavemail\防跌\V1有人无人传感器\core_ch592_mesh\BLE\MESH\MESH_LIB\libCH59xMESHROM.a(mesh_cfg_srv.o)
 .text.net_transmit_get
                0x000000000000af5a       0x50 e:\wavemail\防跌\V1有人无人传感器\core_ch592_mesh\BLE\MESH\MESH_LIB\libCH59xMESHROM.a(mesh_cfg_srv.o)
 .text.bt_mesh_relay_get
                0x000000000000afaa       0x14 e:\wavemail\防跌\V1有人无人传感器\core_ch592_mesh\BLE\MESH\MESH_LIB\libCH59xMESHROM.a(mesh_cfg_srv.o)
                0x000000000000afaa                bt_mesh_relay_get
 .text.bt_mesh_friend_get
                0x000000000000afbe       0x14 e:\wavemail\防跌\V1有人无人传感器\core_ch592_mesh\BLE\MESH\MESH_LIB\libCH59xMESHROM.a(mesh_cfg_srv.o)
                0x000000000000afbe                bt_mesh_friend_get
 .text.bt_mesh_relay_retransmit_get
                0x000000000000afd2       0x14 e:\wavemail\防跌\V1有人无人传感器\core_ch592_mesh\BLE\MESH\MESH_LIB\libCH59xMESHROM.a(mesh_cfg_srv.o)
                0x000000000000afd2                bt_mesh_relay_retransmit_get
 .text.relay_set
                0x000000000000afe6       0xae e:\wavemail\防跌\V1有人无人传感器\core_ch592_mesh\BLE\MESH\MESH_LIB\libCH59xMESHROM.a(mesh_cfg_srv.o)
 .text.relay_get
                0x000000000000b094       0x5c e:\wavemail\防跌\V1有人无人传感器\core_ch592_mesh\BLE\MESH\MESH_LIB\libCH59xMESHROM.a(mesh_cfg_srv.o)
 .text.bt_mesh_beacon_get
                0x000000000000b0f0       0x14 e:\wavemail\防跌\V1有人无人传感器\core_ch592_mesh\BLE\MESH\MESH_LIB\libCH59xMESHROM.a(mesh_cfg_srv.o)
                0x000000000000b0f0                bt_mesh_beacon_get
 .text.beacon_set
                0x000000000000b104       0x8c e:\wavemail\防跌\V1有人无人传感器\core_ch592_mesh\BLE\MESH\MESH_LIB\libCH59xMESHROM.a(mesh_cfg_srv.o)
 .text.beacon_get
                0x000000000000b190       0x4e e:\wavemail\防跌\V1有人无人传感器\core_ch592_mesh\BLE\MESH\MESH_LIB\libCH59xMESHROM.a(mesh_cfg_srv.o)
 .text.bt_mesh_gatt_proxy_get
                0x000000000000b1de       0x14 e:\wavemail\防跌\V1有人无人传感器\core_ch592_mesh\BLE\MESH\MESH_LIB\libCH59xMESHROM.a(mesh_cfg_srv.o)
                0x000000000000b1de                bt_mesh_gatt_proxy_get
 .text.send_gatt_proxy_status
                0x000000000000b1f2       0x42 e:\wavemail\防跌\V1有人无人传感器\core_ch592_mesh\BLE\MESH\MESH_LIB\libCH59xMESHROM.a(mesh_cfg_srv.o)
 .text.gatt_proxy_get
                0x000000000000b234       0x18 e:\wavemail\防跌\V1有人无人传感器\core_ch592_mesh\BLE\MESH\MESH_LIB\libCH59xMESHROM.a(mesh_cfg_srv.o)
 .text.gatt_proxy_set
                0x000000000000b24c       0x7c e:\wavemail\防跌\V1有人无人传感器\core_ch592_mesh\BLE\MESH\MESH_LIB\libCH59xMESHROM.a(mesh_cfg_srv.o)
 .text.bt_mesh_default_ttl_get
                0x000000000000b2c8       0x14 e:\wavemail\防跌\V1有人无人传感器\core_ch592_mesh\BLE\MESH\MESH_LIB\libCH59xMESHROM.a(mesh_cfg_srv.o)
                0x000000000000b2c8                bt_mesh_default_ttl_get
 .text.default_ttl_set
                0x000000000000b2dc       0x86 e:\wavemail\防跌\V1有人无人传感器\core_ch592_mesh\BLE\MESH\MESH_LIB\libCH59xMESHROM.a(mesh_cfg_srv.o)
 .text.default_ttl_get
                0x000000000000b362       0x4e e:\wavemail\防跌\V1有人无人传感器\core_ch592_mesh\BLE\MESH\MESH_LIB\libCH59xMESHROM.a(mesh_cfg_srv.o)
 .text.bt_mesh_label_uuid_get
                0x000000000000b3b0       0x3a e:\wavemail\防跌\V1有人无人传感器\core_ch592_mesh\BLE\MESH\MESH_LIB\libCH59xMESHROM.a(mesh_cfg_srv.o)
                0x000000000000b3b0                bt_mesh_label_uuid_get
 .text._mod_pub_set
                0x000000000000b3ea      0x112 e:\wavemail\防跌\V1有人无人传感器\core_ch592_mesh\BLE\MESH\MESH_LIB\libCH59xMESHROM.a(mesh_cfg_srv.o)
 .text.mod_unbind.part.11
                0x000000000000b4fc       0x66 e:\wavemail\防跌\V1有人无人传感器\core_ch592_mesh\BLE\MESH\MESH_LIB\libCH59xMESHROM.a(mesh_cfg_srv.o)
 .text.mod_app_unbind
                0x000000000000b562       0xc0 e:\wavemail\防跌\V1有人无人传感器\core_ch592_mesh\BLE\MESH\MESH_LIB\libCH59xMESHROM.a(mesh_cfg_srv.o)
 .text._mod_unbind
                0x000000000000b622       0x2c e:\wavemail\防跌\V1有人无人传感器\core_ch592_mesh\BLE\MESH\MESH_LIB\libCH59xMESHROM.a(mesh_cfg_srv.o)
 .text.mod_pub_va_set
                0x000000000000b64e       0xfe e:\wavemail\防跌\V1有人无人传感器\core_ch592_mesh\BLE\MESH\MESH_LIB\libCH59xMESHROM.a(mesh_cfg_srv.o)
 .text.mod_pub_set
                0x000000000000b74c       0xdc e:\wavemail\防跌\V1有人无人传感器\core_ch592_mesh\BLE\MESH\MESH_LIB\libCH59xMESHROM.a(mesh_cfg_srv.o)
 .text.mod_sub_list_clear.isra.12
                0x000000000000b828       0x78 e:\wavemail\防跌\V1有人无人传感器\core_ch592_mesh\BLE\MESH\MESH_LIB\libCH59xMESHROM.a(mesh_cfg_srv.o)
 .text.mod_sub_del_all
                0x000000000000b8a0       0xae e:\wavemail\防跌\V1有人无人传感器\core_ch592_mesh\BLE\MESH\MESH_LIB\libCH59xMESHROM.a(mesh_cfg_srv.o)
 .text.mod_sub_va_overwrite
                0x000000000000b94e       0xf0 e:\wavemail\防跌\V1有人无人传感器\core_ch592_mesh\BLE\MESH\MESH_LIB\libCH59xMESHROM.a(mesh_cfg_srv.o)
 .text.mod_sub_overwrite
                0x000000000000ba3e       0xe8 e:\wavemail\防跌\V1有人无人传感器\core_ch592_mesh\BLE\MESH\MESH_LIB\libCH59xMESHROM.a(mesh_cfg_srv.o)
 .text.mod_reset
                0x000000000000bb26       0x32 e:\wavemail\防跌\V1有人无人传感器\core_ch592_mesh\BLE\MESH\MESH_LIB\libCH59xMESHROM.a(mesh_cfg_srv.o)
 .text.bt_mesh_hb_pub_get
                0x000000000000bb58       0x14 e:\wavemail\防跌\V1有人无人传感器\core_ch592_mesh\BLE\MESH\MESH_LIB\libCH59xMESHROM.a(mesh_cfg_srv.o)
                0x000000000000bb58                bt_mesh_hb_pub_get
 .text.bt_mesh_cfg_get
                0x000000000000bb6c        0xc e:\wavemail\防跌\V1有人无人传感器\core_ch592_mesh\BLE\MESH\MESH_LIB\libCH59xMESHROM.a(mesh_cfg_srv.o)
                0x000000000000bb6c                bt_mesh_cfg_get
 .text.key_idx_pack
                0x000000000000bb78       0x2c e:\wavemail\防跌\V1有人无人传感器\core_ch592_mesh\BLE\MESH\MESH_LIB\libCH59xMESHROM.a(mesh_cfg_srv.o)
                0x000000000000bb78                key_idx_pack
 .text.net_key_get
                0x000000000000bba4       0xa4 e:\wavemail\防跌\V1有人无人传感器\core_ch592_mesh\BLE\MESH\MESH_LIB\libCH59xMESHROM.a(mesh_cfg_srv.o)
 .text.app_key_get
                0x000000000000bc48       0xd4 e:\wavemail\防跌\V1有人无人传感器\core_ch592_mesh\BLE\MESH\MESH_LIB\libCH59xMESHROM.a(mesh_cfg_srv.o)
 .text.key_idx_unpack
                0x000000000000bd1c       0x36 e:\wavemail\防跌\V1有人无人传感器\core_ch592_mesh\BLE\MESH\MESH_LIB\libCH59xMESHROM.a(mesh_cfg_srv.o)
                0x000000000000bd1c                key_idx_unpack
 .text.bt_mesh_app_key_alloc
                0x000000000000bd52       0x3a e:\wavemail\防跌\V1有人无人传感器\core_ch592_mesh\BLE\MESH\MESH_LIB\libCH59xMESHROM.a(mesh_cfg_srv.o)
                0x000000000000bd52                bt_mesh_app_key_alloc
 .text.app_key_set
                0x000000000000bd8c       0xc4 e:\wavemail\防跌\V1有人无人传感器\core_ch592_mesh\BLE\MESH\MESH_LIB\libCH59xMESHROM.a(mesh_cfg_srv.o)
 .text.app_key_update
                0x000000000000be50       0x88 e:\wavemail\防跌\V1有人无人传感器\core_ch592_mesh\BLE\MESH\MESH_LIB\libCH59xMESHROM.a(mesh_cfg_srv.o)
 .text.app_key_add
                0x000000000000bed8       0x86 e:\wavemail\防跌\V1有人无人传感器\core_ch592_mesh\BLE\MESH\MESH_LIB\libCH59xMESHROM.a(mesh_cfg_srv.o)
 .text.bt_mesh_app_key_set
                0x000000000000bf5e        0xc e:\wavemail\防跌\V1有人无人传感器\core_ch592_mesh\BLE\MESH\MESH_LIB\libCH59xMESHROM.a(mesh_cfg_srv.o)
                0x000000000000bf5e                bt_mesh_app_key_set
 .text.get_label
                0x000000000000bf6a        0xc e:\wavemail\防跌\V1有人无人传感器\core_ch592_mesh\BLE\MESH\MESH_LIB\libCH59xMESHROM.a(mesh_cfg_srv.o)
                0x000000000000bf6a                get_label
 .text.bt_mesh_app_key_del
                0x000000000000bf76       0x46 e:\wavemail\防跌\V1有人无人传感器\core_ch592_mesh\BLE\MESH\MESH_LIB\libCH59xMESHROM.a(mesh_cfg_srv.o)
                0x000000000000bf76                bt_mesh_app_key_del
 .text.app_key_del
                0x000000000000bfbc       0xa2 e:\wavemail\防跌\V1有人无人传感器\core_ch592_mesh\BLE\MESH\MESH_LIB\libCH59xMESHROM.a(mesh_cfg_srv.o)
 .text.bt_mesh_subnet_del
                0x000000000000c05e       0xa0 e:\wavemail\防跌\V1有人无人传感器\core_ch592_mesh\BLE\MESH\MESH_LIB\libCH59xMESHROM.a(mesh_cfg_srv.o)
                0x000000000000c05e                bt_mesh_subnet_del
 .text.net_key_del
                0x000000000000c0fe       0x64 e:\wavemail\防跌\V1有人无人传感器\core_ch592_mesh\BLE\MESH\MESH_LIB\libCH59xMESHROM.a(mesh_cfg_srv.o)
 .text.bt_mesh_cfg_reset
                0x000000000000c162       0x6c e:\wavemail\防跌\V1有人无人传感器\core_ch592_mesh\BLE\MESH\MESH_LIB\libCH59xMESHROM.a(mesh_cfg_srv.o)
                0x000000000000c162                bt_mesh_cfg_reset
 .text.sys_put_be32
                0x000000000000c1ce       0x22 e:\wavemail\防跌\V1有人无人传感器\core_ch592_mesh\BLE\MESH\MESH_LIB\libCH59xMESHROM.a(mesh_crypto.o)
 .text.create_net_nonce
                0x000000000000c1f0       0x4e e:\wavemail\防跌\V1有人无人传感器\core_ch592_mesh\BLE\MESH\MESH_LIB\libCH59xMESHROM.a(mesh_crypto.o)
 .text.uECC_RNG_CB
                0x000000000000c23e       0x6e e:\wavemail\防跌\V1有人无人传感器\core_ch592_mesh\BLE\MESH\MESH_LIB\libCH59xMESHROM.a(mesh_crypto.o)
 .text._copy    0x000000000000c2ac       0x26 e:\wavemail\防跌\V1有人无人传感器\core_ch592_mesh\BLE\MESH\MESH_LIB\libCH59xMESHROM.a(mesh_crypto.o)
                0x000000000000c2ac                _copy
 .text.gf_double
                0x000000000000c2d2       0x2e e:\wavemail\防跌\V1有人无人传感器\core_ch592_mesh\BLE\MESH\MESH_LIB\libCH59xMESHROM.a(mesh_crypto.o)
                0x000000000000c2d2                gf_double
 .text.tc_aes_encrypt
                0x000000000000c300       0x1c e:\wavemail\防跌\V1有人无人传感器\core_ch592_mesh\BLE\MESH\MESH_LIB\libCH59xMESHROM.a(mesh_crypto.o)
                0x000000000000c300                tc_aes_encrypt
 .text.tc_aes128_set_encrypt_key
                0x000000000000c31c       0x1e e:\wavemail\防跌\V1有人无人传感器\core_ch592_mesh\BLE\MESH\MESH_LIB\libCH59xMESHROM.a(mesh_crypto.o)
                0x000000000000c31c                tc_aes128_set_encrypt_key
 .text.tc_cmac_init
                0x000000000000c33a       0x32 e:\wavemail\防跌\V1有人无人传感器\core_ch592_mesh\BLE\MESH\MESH_LIB\libCH59xMESHROM.a(mesh_crypto.o)
                0x000000000000c33a                tc_cmac_init
 .text.tc_cmac_setup
                0x000000000000c36c       0x60 e:\wavemail\防跌\V1有人无人传感器\core_ch592_mesh\BLE\MESH\MESH_LIB\libCH59xMESHROM.a(mesh_crypto.o)
                0x000000000000c36c                tc_cmac_setup
 .text.bt_mesh_rand
                0x000000000000c3cc       0x6e e:\wavemail\防跌\V1有人无人传感器\core_ch592_mesh\BLE\MESH\MESH_LIB\libCH59xMESHROM.a(mesh_crypto.o)
                0x000000000000c3cc                bt_mesh_rand
 .text.tc_cmac_update
                0x000000000000c43a       0xe0 e:\wavemail\防跌\V1有人无人传感器\core_ch592_mesh\BLE\MESH\MESH_LIB\libCH59xMESHROM.a(mesh_crypto.o)
                0x000000000000c43a                tc_cmac_update
 .text.tc_cmac_erase
                0x000000000000c51a       0x1a e:\wavemail\防跌\V1有人无人传感器\core_ch592_mesh\BLE\MESH\MESH_LIB\libCH59xMESHROM.a(mesh_crypto.o)
                0x000000000000c51a                tc_cmac_erase
 .text.tc_cmac_final
                0x000000000000c534       0x7c e:\wavemail\防跌\V1有人无人传感器\core_ch592_mesh\BLE\MESH\MESH_LIB\libCH59xMESHROM.a(mesh_crypto.o)
                0x000000000000c534                tc_cmac_final
 .text.bt_mesh_aes_cmac
                0x000000000000c5b0       0x42 e:\wavemail\防跌\V1有人无人传感器\core_ch592_mesh\BLE\MESH\MESH_LIB\libCH59xMESHROM.a(mesh_crypto.o)
                0x000000000000c5b0                bt_mesh_aes_cmac
 .text.bt_mesh_aes_cmac_one
                0x000000000000c5f2       0x18 e:\wavemail\防跌\V1有人无人传感器\core_ch592_mesh\BLE\MESH\MESH_LIB\libCH59xMESHROM.a(mesh_crypto.o)
 .text.bt_mesh_s1
                0x000000000000c60a       0x2c e:\wavemail\防跌\V1有人无人传感器\core_ch592_mesh\BLE\MESH\MESH_LIB\libCH59xMESHROM.a(mesh_crypto.o)
 .text.bt_mesh_beacon_auth
                0x000000000000c636       0x4e e:\wavemail\防跌\V1有人无人传感器\core_ch592_mesh\BLE\MESH\MESH_LIB\libCH59xMESHROM.a(mesh_crypto.o)
                0x000000000000c636                bt_mesh_beacon_auth
 .text.bt_encrypt_be
                0x000000000000c684       0x2c e:\wavemail\防跌\V1有人无人传感器\core_ch592_mesh\BLE\MESH\MESH_LIB\libCH59xMESHROM.a(mesh_crypto.o)
                0x000000000000c684                bt_encrypt_be
 .text.bt_mesh_ccm_encrypt
                0x000000000000c6b0      0x2b8 e:\wavemail\防跌\V1有人无人传感器\core_ch592_mesh\BLE\MESH\MESH_LIB\libCH59xMESHROM.a(mesh_crypto.o)
 .text.bt_mesh_ccm_decrypt
                0x000000000000c968      0x2e0 e:\wavemail\防跌\V1有人无人传感器\core_ch592_mesh\BLE\MESH\MESH_LIB\libCH59xMESHROM.a(mesh_crypto.o)
 .text.bt_mesh_net_obfuscate
                0x000000000000cc48       0x5a e:\wavemail\防跌\V1有人无人传感器\core_ch592_mesh\BLE\MESH\MESH_LIB\libCH59xMESHROM.a(mesh_crypto.o)
                0x000000000000cc48                bt_mesh_net_obfuscate
 .text.bt_mesh_net_encrypt
                0x000000000000cca2       0xac e:\wavemail\防跌\V1有人无人传感器\core_ch592_mesh\BLE\MESH\MESH_LIB\libCH59xMESHROM.a(mesh_crypto.o)
                0x000000000000cca2                bt_mesh_net_encrypt
 .text.bt_mesh_net_decrypt
                0x000000000000cd4e       0xa8 e:\wavemail\防跌\V1有人无人传感器\core_ch592_mesh\BLE\MESH\MESH_LIB\libCH59xMESHROM.a(mesh_crypto.o)
                0x000000000000cd4e                bt_mesh_net_decrypt
 .text.bt_mesh_app_encrypt
                0x000000000000cdf6       0x8a e:\wavemail\防跌\V1有人无人传感器\core_ch592_mesh\BLE\MESH\MESH_LIB\libCH59xMESHROM.a(mesh_crypto.o)
                0x000000000000cdf6                bt_mesh_app_encrypt
 .text.bt_mesh_app_decrypt
                0x000000000000ce80       0x8a e:\wavemail\防跌\V1有人无人传感器\core_ch592_mesh\BLE\MESH\MESH_LIB\libCH59xMESHROM.a(mesh_crypto.o)
                0x000000000000ce80                bt_mesh_app_decrypt
 .text.bt_mesh_fcs_calc
                0x000000000000cf0a       0x2c e:\wavemail\防跌\V1有人无人传感器\core_ch592_mesh\BLE\MESH\MESH_LIB\libCH59xMESHROM.a(mesh_crypto.o)
                0x000000000000cf0a                bt_mesh_fcs_calc
 .text.bt_mesh_fcs_check
                0x000000000000cf36       0x44 e:\wavemail\防跌\V1有人无人传感器\core_ch592_mesh\BLE\MESH\MESH_LIB\libCH59xMESHROM.a(mesh_crypto.o)
                0x000000000000cf36                bt_mesh_fcs_check
 .text.bt_mesh_k1
                0x000000000000cf7a       0x30 e:\wavemail\防跌\V1有人无人传感器\core_ch592_mesh\BLE\MESH\MESH_LIB\libCH59xMESHROM.a(mesh_crypto.o)
                0x000000000000cf7a                bt_mesh_k1
 .text.bt_mesh_k2
                0x000000000000cfaa       0xb8 e:\wavemail\防跌\V1有人无人传感器\core_ch592_mesh\BLE\MESH\MESH_LIB\libCH59xMESHROM.a(mesh_crypto.o)
                0x000000000000cfaa                bt_mesh_k2
 .text.bt_mesh_k3
                0x000000000000d062       0x62 e:\wavemail\防跌\V1有人无人传感器\core_ch592_mesh\BLE\MESH\MESH_LIB\libCH59xMESHROM.a(mesh_crypto.o)
                0x000000000000d062                bt_mesh_k3
 .text.bt_mesh_k4
                0x000000000000d0c4       0x54 e:\wavemail\防跌\V1有人无人传感器\core_ch592_mesh\BLE\MESH\MESH_LIB\libCH59xMESHROM.a(mesh_crypto.o)
                0x000000000000d0c4                bt_mesh_k4
 .text.bt_mesh_prov_encrypt
                0x000000000000d118       0x16 e:\wavemail\防跌\V1有人无人传感器\core_ch592_mesh\BLE\MESH\MESH_LIB\libCH59xMESHROM.a(mesh_crypto.o)
                0x000000000000d118                bt_mesh_prov_encrypt
 .text.bt_mesh_prov_decrypt
                0x000000000000d12e       0x16 e:\wavemail\防跌\V1有人无人传感器\core_ch592_mesh\BLE\MESH\MESH_LIB\libCH59xMESHROM.a(mesh_crypto.o)
                0x000000000000d12e                bt_mesh_prov_decrypt
 .text.bt_mesh_id128
                0x000000000000d144       0x2e e:\wavemail\防跌\V1有人无人传感器\core_ch592_mesh\BLE\MESH\MESH_LIB\libCH59xMESHROM.a(mesh_crypto.o)
                0x000000000000d144                bt_mesh_id128
 .text.bt_mesh_prov_conf
                0x000000000000d172       0x1e e:\wavemail\防跌\V1有人无人传感器\core_ch592_mesh\BLE\MESH\MESH_LIB\libCH59xMESHROM.a(mesh_crypto.o)
                0x000000000000d172                bt_mesh_prov_conf
 .text.bt_mesh_prov_conf_salt
                0x000000000000d190       0x22 e:\wavemail\防跌\V1有人无人传感器\core_ch592_mesh\BLE\MESH\MESH_LIB\libCH59xMESHROM.a(mesh_crypto.o)
                0x000000000000d190                bt_mesh_prov_conf_salt
 .text.bt_mesh_prov_conf_key
                0x000000000000d1b2       0x1c e:\wavemail\防跌\V1有人无人传感器\core_ch592_mesh\BLE\MESH\MESH_LIB\libCH59xMESHROM.a(mesh_crypto.o)
                0x000000000000d1b2                bt_mesh_prov_conf_key
 .text.bt_mesh_prov_salt
                0x000000000000d1ce       0x2c e:\wavemail\防跌\V1有人无人传感器\core_ch592_mesh\BLE\MESH\MESH_LIB\libCH59xMESHROM.a(mesh_crypto.o)
                0x000000000000d1ce                bt_mesh_prov_salt
 .text.bt_mesh_virtual_addr
                0x000000000000d1fa       0x46 e:\wavemail\防跌\V1有人无人传感器\core_ch592_mesh\BLE\MESH\MESH_LIB\libCH59xMESHROM.a(mesh_crypto.o)
                0x000000000000d1fa                bt_mesh_virtual_addr
 .text.bt_mesh_pub_key_get_alt
                0x000000000000d240       0x3a e:\wavemail\防跌\V1有人无人传感器\core_ch592_mesh\BLE\MESH\MESH_LIB\libCH59xMESHROM.a(mesh_crypto.o)
                0x000000000000d240                bt_mesh_pub_key_get_alt
 .text.bt_mesh_dh_key_gen_alt
                0x000000000000d27a       0x32 e:\wavemail\防跌\V1有人无人传感器\core_ch592_mesh\BLE\MESH\MESH_LIB\libCH59xMESHROM.a(mesh_crypto.o)
                0x000000000000d27a                bt_mesh_dh_key_gen_alt
 .text.ble_sm_alg_ecc_init
                0x000000000000d2ac       0x20 e:\wavemail\防跌\V1有人无人传感器\core_ch592_mesh\BLE\MESH\MESH_LIB\libCH59xMESHROM.a(mesh_crypto.o)
                0x000000000000d2ac                ble_sm_alg_ecc_init
 .text.friend_adv_alloc
                0x000000000000d2cc       0x18 e:\wavemail\防跌\V1有人无人传感器\core_ch592_mesh\BLE\MESH\MESH_LIB\libCH59xMESHROM.a(mesh_friend.o)
 .text.purge_buffers
                0x000000000000d2e4       0x2e e:\wavemail\防跌\V1有人无人传感器\core_ch592_mesh\BLE\MESH\MESH_LIB\libCH59xMESHROM.a(mesh_friend.o)
 .text.friend_clear
                0x000000000000d312       0x96 e:\wavemail\防跌\V1有人无人传感器\core_ch592_mesh\BLE\MESH\MESH_LIB\libCH59xMESHROM.a(mesh_friend.o)
 .text.friend_lpn_matches
                0x000000000000d3a8       0x76 e:\wavemail\防跌\V1有人无人传感器\core_ch592_mesh\BLE\MESH\MESH_LIB\libCH59xMESHROM.a(mesh_friend.o)
 .text.create_friend_pdu.isra.10
                0x000000000000d41e       0x94 e:\wavemail\防跌\V1有人无人传感器\core_ch592_mesh\BLE\MESH\MESH_LIB\libCH59xMESHROM.a(mesh_friend.o)
 .text.encode_friend_ctl.isra.12
                0x000000000000d4b2       0x56 e:\wavemail\防跌\V1有人无人传感器\core_ch592_mesh\BLE\MESH\MESH_LIB\libCH59xMESHROM.a(mesh_friend.o)
 .text.is_seg   0x000000000000d508       0x66 e:\wavemail\防跌\V1有人无人传感器\core_ch592_mesh\BLE\MESH\MESH_LIB\libCH59xMESHROM.a(mesh_friend.o)
 .text.friend_queue_has_space.isra.5.part.6
                0x000000000000d56e       0x5a e:\wavemail\防跌\V1有人无人传感器\core_ch592_mesh\BLE\MESH\MESH_LIB\libCH59xMESHROM.a(mesh_friend.o)
 .text.enqueue_update.constprop.21
                0x000000000000d5c8       0x9c e:\wavemail\防跌\V1有人无人传感器\core_ch592_mesh\BLE\MESH\MESH_LIB\libCH59xMESHROM.a(mesh_friend.o)
 .text._set_mesh_friend_buf
                0x000000000000d664       0x98 e:\wavemail\防跌\V1有人无人传感器\core_ch592_mesh\BLE\MESH\MESH_LIB\libCH59xMESHROM.a(mesh_friend.o)
                0x000000000000d664                _set_mesh_friend_buf
 .text.bt_mesh_friend_match
                0x000000000000d6fc       0x40 e:\wavemail\防跌\V1有人无人传感器\core_ch592_mesh\BLE\MESH\MESH_LIB\libCH59xMESHROM.a(mesh_friend.o)
                0x000000000000d6fc                bt_mesh_friend_match
 .text.bt_mesh_friend_queue_has_space
                0x000000000000d73c       0x68 e:\wavemail\防跌\V1有人无人传感器\core_ch592_mesh\BLE\MESH\MESH_LIB\libCH59xMESHROM.a(mesh_friend.o)
                0x000000000000d73c                bt_mesh_friend_queue_has_space
 .text.bt_mesh_friend_find
                0x000000000000d7a4       0x7a e:\wavemail\防跌\V1有人无人传感器\core_ch592_mesh\BLE\MESH\MESH_LIB\libCH59xMESHROM.a(mesh_friend.o)
                0x000000000000d7a4                bt_mesh_friend_find
 .text.bt_mesh_friend_clear_net_idx
                0x000000000000d81e       0x46 e:\wavemail\防跌\V1有人无人传感器\core_ch592_mesh\BLE\MESH\MESH_LIB\libCH59xMESHROM.a(mesh_friend.o)
                0x000000000000d81e                bt_mesh_friend_clear_net_idx
 .text.bt_mesh_friend_clear_incomplete
                0x000000000000d864       0x7e e:\wavemail\防跌\V1有人无人传感器\core_ch592_mesh\BLE\MESH\MESH_LIB\libCH59xMESHROM.a(mesh_friend.o)
                0x000000000000d864                bt_mesh_friend_clear_incomplete
 .text.bt_mesh_friend_sec_update
                0x000000000000d8e2       0xcc e:\wavemail\防跌\V1有人无人传感器\core_ch592_mesh\BLE\MESH\MESH_LIB\libCH59xMESHROM.a(mesh_friend.o)
                0x000000000000d8e2                bt_mesh_friend_sec_update
 .text.hal_rx_real
                0x000000000000d9ae       0x3c e:\wavemail\防跌\V1有人无人传感器\core_ch592_mesh\BLE\MESH\MESH_LIB\libCH59xMESHROM.a(mesh_hal_rf.o)
 .text.next_channel
                0x000000000000d9ea       0x8a e:\wavemail\防跌\V1有人无人传感器\core_ch592_mesh\BLE\MESH\MESH_LIB\libCH59xMESHROM.a(mesh_hal_rf.o)
 .text.rx_req_process
                0x000000000000da74       0x98 e:\wavemail\防跌\V1有人无人传感器\core_ch592_mesh\BLE\MESH\MESH_LIB\libCH59xMESHROM.a(mesh_hal_rf.o)
 .text.hal_rf_ntf_cb
                0x000000000000db0c       0xce e:\wavemail\防跌\V1有人无人传感器\core_ch592_mesh\BLE\MESH\MESH_LIB\libCH59xMESHROM.a(mesh_hal_rf.o)
 .text.first_remove.part.5
                0x000000000000dbda       0x3e e:\wavemail\防跌\V1有人无人传感器\core_ch592_mesh\BLE\MESH\MESH_LIB\libCH59xMESHROM.a(mesh_hal_rf.o)
 .text.tx_timeout_process
                0x000000000000dc18       0x4e e:\wavemail\防跌\V1有人无人传感器\core_ch592_mesh\BLE\MESH\MESH_LIB\libCH59xMESHROM.a(mesh_hal_rf.o)
 .text.hal_rf_set_rx_cb
                0x000000000000dc66        0xa e:\wavemail\防跌\V1有人无人传感器\core_ch592_mesh\BLE\MESH\MESH_LIB\libCH59xMESHROM.a(mesh_hal_rf.o)
                0x000000000000dc66                hal_rf_set_rx_cb
 .text.tx_req_process
                0x000000000000dc70       0xe8 e:\wavemail\防跌\V1有人无人传感器\core_ch592_mesh\BLE\MESH\MESH_LIB\libCH59xMESHROM.a(mesh_hal_rf.o)
 .text.rf_process_evt
                0x000000000000dd58      0x200 e:\wavemail\防跌\V1有人无人传感器\core_ch592_mesh\BLE\MESH\MESH_LIB\libCH59xMESHROM.a(mesh_hal_rf.o)
 .text.hal_rf_tx_wait_enable
                0x000000000000df58        0xa e:\wavemail\防跌\V1有人无人传感器\core_ch592_mesh\BLE\MESH\MESH_LIB\libCH59xMESHROM.a(mesh_hal_rf.o)
                0x000000000000df58                hal_rf_tx_wait_enable
 .text.hal_rf_init
                0x000000000000df62       0x90 e:\wavemail\防跌\V1有人无人传感器\core_ch592_mesh\BLE\MESH\MESH_LIB\libCH59xMESHROM.a(mesh_hal_rf.o)
                0x000000000000df62                hal_rf_init
 .text.hal_rf_rx_start
                0x000000000000dff2       0xb0 e:\wavemail\防跌\V1有人无人传感器\core_ch592_mesh\BLE\MESH\MESH_LIB\libCH59xMESHROM.a(mesh_hal_rf.o)
                0x000000000000dff2                hal_rf_rx_start
 .text.hal_rf_rx_cancel
                0x000000000000e0a2       0x5c e:\wavemail\防跌\V1有人无人传感器\core_ch592_mesh\BLE\MESH\MESH_LIB\libCH59xMESHROM.a(mesh_hal_rf.o)
                0x000000000000e0a2                hal_rf_rx_cancel
 .text.hal_rf_tx_send
                0x000000000000e0fe       0x68 e:\wavemail\防跌\V1有人无人传感器\core_ch592_mesh\BLE\MESH\MESH_LIB\libCH59xMESHROM.a(mesh_hal_rf.o)
                0x000000000000e0fe                hal_rf_tx_send
 .text.cli_reset
                0x000000000000e166       0x20 e:\wavemail\防跌\V1有人无人传感器\core_ch592_mesh\BLE\MESH\MESH_LIB\libCH59xMESHROM.a(mesh_health_cli.o)
 .text.cfg_rsp_recv
                0x000000000000e186       0x30 e:\wavemail\防跌\V1有人无人传感器\core_ch592_mesh\BLE\MESH\MESH_LIB\libCH59xMESHROM.a(mesh_health_cli.o)
 .text.health_current_status
                0x000000000000e1b6       0x3c e:\wavemail\防跌\V1有人无人传感器\core_ch592_mesh\BLE\MESH\MESH_LIB\libCH59xMESHROM.a(mesh_health_cli.o)
 .text.health_cli_init
                0x000000000000e1f2       0x38 e:\wavemail\防跌\V1有人无人传感器\core_ch592_mesh\BLE\MESH\MESH_LIB\libCH59xMESHROM.a(mesh_health_cli.o)
 .text.sync_handler
                0x000000000000e22a       0x20 e:\wavemail\防跌\V1有人无人传感器\core_ch592_mesh\BLE\MESH\MESH_LIB\libCH59xMESHROM.a(mesh_health_cli.o)
 .text.health_attention_status
                0x000000000000e24a       0x34 e:\wavemail\防跌\V1有人无人传感器\core_ch592_mesh\BLE\MESH\MESH_LIB\libCH59xMESHROM.a(mesh_health_cli.o)
 .text.health_period_status
                0x000000000000e27e       0x36 e:\wavemail\防跌\V1有人无人传感器\core_ch592_mesh\BLE\MESH\MESH_LIB\libCH59xMESHROM.a(mesh_health_cli.o)
 .text.health_fault_status
                0x000000000000e2b4       0x48 e:\wavemail\防跌\V1有人无人传感器\core_ch592_mesh\BLE\MESH\MESH_LIB\libCH59xMESHROM.a(mesh_health_cli.o)
 .text.attention_off
                0x000000000000e2fc       0x20 e:\wavemail\防跌\V1有人无人传感器\core_ch592_mesh\BLE\MESH\MESH_LIB\libCH59xMESHROM.a(mesh_health_srv.o)
 .text.health_period_set_unack
                0x000000000000e31c       0x28 e:\wavemail\防跌\V1有人无人传感器\core_ch592_mesh\BLE\MESH\MESH_LIB\libCH59xMESHROM.a(mesh_health_srv.o)
 .text.send_attention_status
                0x000000000000e344       0x56 e:\wavemail\防跌\V1有人无人传感器\core_ch592_mesh\BLE\MESH\MESH_LIB\libCH59xMESHROM.a(mesh_health_srv.o)
 .text.attention_get
                0x000000000000e39a        0xc e:\wavemail\防跌\V1有人无人传感器\core_ch592_mesh\BLE\MESH\MESH_LIB\libCH59xMESHROM.a(mesh_health_srv.o)
 .text.send_health_period_status
                0x000000000000e3a6       0x46 e:\wavemail\防跌\V1有人无人传感器\core_ch592_mesh\BLE\MESH\MESH_LIB\libCH59xMESHROM.a(mesh_health_srv.o)
 .text.health_period_set
                0x000000000000e3ec       0x18 e:\wavemail\防跌\V1有人无人传感器\core_ch592_mesh\BLE\MESH\MESH_LIB\libCH59xMESHROM.a(mesh_health_srv.o)
 .text.health_period_get
                0x000000000000e404        0xc e:\wavemail\防跌\V1有人无人传感器\core_ch592_mesh\BLE\MESH\MESH_LIB\libCH59xMESHROM.a(mesh_health_srv.o)
 .text.health_fault_test_unack
                0x000000000000e410       0x38 e:\wavemail\防跌\V1有人无人传感器\core_ch592_mesh\BLE\MESH\MESH_LIB\libCH59xMESHROM.a(mesh_health_srv.o)
 .text.health_fault_clear_unack
                0x000000000000e448       0x22 e:\wavemail\防跌\V1有人无人传感器\core_ch592_mesh\BLE\MESH\MESH_LIB\libCH59xMESHROM.a(mesh_health_srv.o)
 .text.health_get_registered
                0x000000000000e46a       0x76 e:\wavemail\防跌\V1有人无人传感器\core_ch592_mesh\BLE\MESH\MESH_LIB\libCH59xMESHROM.a(mesh_health_srv.o)
 .text.health_fault_test
                0x000000000000e4e0       0x48 e:\wavemail\防跌\V1有人无人传感器\core_ch592_mesh\BLE\MESH\MESH_LIB\libCH59xMESHROM.a(mesh_health_srv.o)
 .text.health_fault_clear
                0x000000000000e528       0x50 e:\wavemail\防跌\V1有人无人传感器\core_ch592_mesh\BLE\MESH\MESH_LIB\libCH59xMESHROM.a(mesh_health_srv.o)
 .text.health_fault_get
                0x000000000000e578       0x42 e:\wavemail\防跌\V1有人无人传感器\core_ch592_mesh\BLE\MESH\MESH_LIB\libCH59xMESHROM.a(mesh_health_srv.o)
 .text.health_srv_init